WARNING: Could not find any nv files on this host!
2026-09-04 14:00:59,356 chemicalchecker.core.chemcheck.ChemicalChecker [DEBUG   ] Logging level DEBUG for logger 'chemicalchecker'.
2026-09-04 14:00:59,356 chemicalchecker.core.chemcheck.ChemicalChecker [DEBUG   ] ChemicalChecker with root: /scratch/sbnb/sayala/protocols/local_CC_D6
2026-09-04 14:00:59,385 chemicalchecker.core.chemcheck.ChemicalChecker [INFO    ] CC root directory exists: ignoring 'custom_data_path'.
2026-09-04 14:01:01,037 chemicalchecker.core.signature_base.BaseSignature [DEBUG   ] Loading signature: /scratch/sbnb/sayala/protocols/local_CC_D6/full/A/A1/A1.001/sign2
2026-09-04 14:01:02,647 chemicalchecker.core.signature_base.BaseSignature [DEBUG   ] Loading signature: /scratch/sbnb/sayala/protocols/local_CC_D6/full/A/A2/A2.001/sign2
2026-09-04 14:01:04,148 chemicalchecker.core.signature_base.BaseSignature [DEBUG   ] Loading signature: /scratch/sbnb/sayala/protocols/local_CC_D6/full/A/A3/A3.001/sign2
2026-09-04 14:01:05,777 chemicalchecker.core.signature_base.BaseSignature [DEBUG   ] Loading signature: /scratch/sbnb/sayala/protocols/local_CC_D6/full/A/A4/A4.001/sign2
2026-09-04 14:01:07,429 chemicalchecker.core.signature_base.BaseSignature [DEBUG   ] Loading signature: /scratch/sbnb/sayala/protocols/local_CC_D6/full/A/A5/A5.001/sign2
2026-09-04 14:01:09,006 chemicalchecker.core.signature_base.BaseSignature [DEBUG   ] Loading signature: /scratch/sbnb/sayala/protocols/local_CC_D6/full/B/B1/B1.001/sign2
2026-09-04 14:01:09,075 chemicalchecker.core.signature_base.BaseSignature [DEBUG   ] Loading signature: /scratch/sbnb/sayala/protocols/local_CC_D6/full/B/B2/B2.001/sign2
2026-09-04 14:01:09,172 chemicalchecker.core.signature_base.BaseSignature [DEBUG   ] Loading signature: /scratch/sbnb/sayala/protocols/local_CC_D6/full/B/B3/B3.001/sign2
2026-09-04 14:01:09,422 chemicalchecker.core.signature_base.BaseSignature [DEBUG   ] Loading signature: /scratch/sbnb/sayala/protocols/local_CC_D6/full/B/B4/B4.001/sign2
2026-09-04 14:01:10,672 chemicalchecker.core.signature_base.BaseSignature [DEBUG   ] Loading signature: /scratch/sbnb/sayala/protocols/local_CC_D6/full/B/B5/B5.001/sign2
2026-09-04 14:01:11,619 chemicalchecker.core.signature_base.BaseSignature [DEBUG   ] Loading signature: /scratch/sbnb/sayala/protocols/local_CC_D6/full/C/C1/C1.001/sign2
2026-09-04 14:01:11,779 chemicalchecker.core.signature_base.BaseSignature [DEBUG   ] Loading signature: /scratch/sbnb/sayala/protocols/local_CC_D6/full/C/C2/C2.001/sign2
2026-09-04 14:01:11,857 chemicalchecker.core.signature_base.BaseSignature [DEBUG   ] Loading signature: /scratch/sbnb/sayala/protocols/local_CC_D6/full/C/C3/C3.001/sign2
2026-09-04 14:01:12,960 chemicalchecker.core.signature_base.BaseSignature [DEBUG   ] Loading signature: /scratch/sbnb/sayala/protocols/local_CC_D6/full/C/C4/C4.001/sign2
2026-09-04 14:01:14,151 chemicalchecker.core.signature_base.BaseSignature [DEBUG   ] Loading signature: /scratch/sbnb/sayala/protocols/local_CC_D6/full/C/C5/C5.001/sign2
2026-09-04 14:01:15,436 chemicalchecker.core.signature_base.BaseSignature [DEBUG   ] Loading signature: /scratch/sbnb/sayala/protocols/local_CC_D6/full/D/D1/D1.001/sign2
2026-09-04 14:01:15,600 chemicalchecker.core.signature_base.BaseSignature [DEBUG   ] Loading signature: /scratch/sbnb/sayala/protocols/local_CC_D6/full/D/D2/D2.001/sign2
2026-09-04 14:01:15,791 chemicalchecker.core.signature_base.BaseSignature [DEBUG   ] Loading signature: /scratch/sbnb/sayala/protocols/local_CC_D6/full/D/D3/D3.001/sign2
2026-09-04 14:01:15,874 chemicalchecker.core.signature_base.BaseSignature [DEBUG   ] Loading signature: /scratch/sbnb/sayala/protocols/local_CC_D6/full/D/D4/D4.001/sign2
2026-09-04 14:01:16,023 chemicalchecker.core.signature_base.BaseSignature [DEBUG   ] Loading signature: /scratch/sbnb/sayala/protocols/local_CC_D6/full/D/D5/D5.001/sign2
2026-09-04 14:01:16,275 chemicalchecker.core.signature_base.BaseSignature [DEBUG   ] Loading signature: /scratch/sbnb/sayala/protocols/local_CC_D6/full/E/E1/E1.001/sign2
2026-09-04 14:01:16,366 chemicalchecker.core.signature_base.BaseSignature [DEBUG   ] Loading signature: /scratch/sbnb/sayala/protocols/local_CC_D6/full/E/E2/E2.001/sign2
2026-09-04 14:01:16,451 chemicalchecker.core.signature_base.BaseSignature [DEBUG   ] Loading signature: /scratch/sbnb/sayala/protocols/local_CC_D6/full/E/E3/E3.001/sign2
2026-09-04 14:01:16,526 chemicalchecker.core.signature_base.BaseSignature [DEBUG   ] Loading signature: /scratch/sbnb/sayala/protocols/local_CC_D6/full/E/E4/E4.001/sign2
2026-09-04 14:01:16,644 chemicalchecker.core.signature_base.BaseSignature [DEBUG   ] Loading signature: /scratch/sbnb/sayala/protocols/local_CC_D6/full/E/E5/E5.001/sign2
2026-09-04 14:01:18,234 chemicalchecker.core.signature_base.BaseSignature [DEBUG   ] Loading signature: /scratch/sbnb/sayala/protocols/local_CC_D6/full/D/D6/D6.007/sign0
2026-09-04 14:01:18,236 chemicalchecker.core.signature_base.BaseSignature [DEBUG   ] Loading signature: /scratch/sbnb/sayala/protocols/local_CC_D6/reference/D/D6/D6.007/sign0
2026-09-04 14:01:18,236 chemicalchecker.core.signature_base.BaseSignature [DEBUG   ] Clearing signature /scratch/sbnb/sayala/protocols/local_CC_D6/reference/D/D6/D6.007/sign0
2026-09-04 14:01:18,243 chemicalchecker.core.signature_base.BaseSignature [DEBUG   ] Loading signature: /scratch/sbnb/sayala/protocols/local_CC_D6/full/D/D6/D6.007/sign0
2026-09-04 14:01:18,283 chemicalchecker.core.signature_base.BaseSignature [DEBUG   ] Clearing signature /scratch/sbnb/sayala/protocols/local_CC_D6/full/D/D6/D6.007/sign0
2026-09-04 14:01:18,292 chemicalchecker.core.signature_base.BaseSignature [INFO    ] STATUS: FIT START
2026-09-04 14:01:18,321 chemicalchecker.core.signature_base.BaseSignature [DEBUG   ] Clearing signature /scratch/sbnb/sayala/protocols/local_CC_D6/full/D/D6/D6.007/sign0
2026-09-04 14:01:18,323 chemicalchecker.core.signature_base.BaseSignature [INFO    ] STATUS: Getting data
2026-09-04 14:01:18,324 chemicalchecker.core.sign0.sign0 [DEBUG   ] data_file is None
2026-09-04 14:01:18,324 chemicalchecker.core.sign0.sign0 [DEBUG   ] Processing keys
2026-09-04 14:01:18,325 chemicalchecker.core.sign0.sign0 [DEBUG   ] Validating InChIKeys, only valid ones are kept.
2026-09-04 14:01:18,325 chemicalchecker.core.sign0.sign0 [INFO    ] Initial keys: 956 / Final keys: 956
2026-09-04 14:01:18,326 chemicalchecker.core.sign0.sign0 [DEBUG   ] Processing features
2026-09-04 14:01:18,326 chemicalchecker.core.sign0.sign0 [DEBUG   ] Only keeping idxs of relevance
2026-09-04 14:01:18,338 chemicalchecker.core.sign0.sign0 [DEBUG   ] Setting input type
2026-09-04 14:01:18,338 chemicalchecker.core.sign0.sign0 [DEBUG   ] Sorting
2026-09-04 14:01:18,358 chemicalchecker.core.signature_base.BaseSignature [INFO    ] STATUS: Sanitizing
2026-09-04 14:01:18,371 chemicalchecker.util.config.config.Config [DEBUG   ] Loading config from: /scratch/sbnb/sayala/chemical_checker/setup/cc_config.json
2026-09-04 14:01:18,372 chemicalchecker.util.sanitize.sanitizer.Sanitizer [DEBUG   ] impute_missing        :         True
2026-09-04 14:01:18,372 chemicalchecker.util.sanitize.sanitizer.Sanitizer [DEBUG   ] trim                  :         True
2026-09-04 14:01:18,372 chemicalchecker.util.sanitize.sanitizer.Sanitizer [DEBUG   ] max_features          :        10000
2026-09-04 14:01:18,372 chemicalchecker.util.sanitize.sanitizer.Sanitizer [DEBUG   ] check_features        :         True
2026-09-04 14:01:18,373 chemicalchecker.util.sanitize.sanitizer.Sanitizer [DEBUG   ] min_feature_abs       :            5
2026-09-04 14:01:18,373 chemicalchecker.util.sanitize.sanitizer.Sanitizer [DEBUG   ] max_feature_freq      :          0.8
2026-09-04 14:01:18,373 chemicalchecker.util.sanitize.sanitizer.Sanitizer [DEBUG   ] check_keys            :         True
2026-09-04 14:01:18,373 chemicalchecker.util.sanitize.sanitizer.Sanitizer [DEBUG   ] min_keys_abs          :            1
2026-09-04 14:01:18,374 chemicalchecker.util.sanitize.sanitizer.Sanitizer [DEBUG   ] max_keys_freq         :          0.8
2026-09-04 14:01:18,374 chemicalchecker.util.sanitize.sanitizer.Sanitizer [DEBUG   ] sample_size           :         1000
2026-09-04 14:01:18,374 chemicalchecker.util.sanitize.sanitizer.Sanitizer [DEBUG   ] max_categories        :           20
2026-09-04 14:01:18,374 chemicalchecker.util.sanitize.sanitizer.Sanitizer [DEBUG   ] zero_as_missing       :         True
2026-09-04 14:01:18,375 chemicalchecker.util.sanitize.sanitizer.Sanitizer [DEBUG   ] chunk_size            :       500000
2026-09-04 14:01:18,375 chemicalchecker.util.sanitize.sanitizer.Sanitizer [DEBUG   ] tmp_path              : /scratch/sbnb/sayala/cc_temp
2026-09-04 14:01:18,375 chemicalchecker.util.sanitize.sanitizer.Sanitizer [DEBUG   ] args                  :           ()
2026-09-04 14:01:18,375 chemicalchecker.util.sanitize.sanitizer.Sanitizer [DEBUG   ] kwargs                :           {}
2026-09-04 14:01:18,441 chemicalchecker.util.sanitize.sanitizer.Sanitizer [DEBUG   ] Saving temporary data to /scratch/sbnb/sayala/cc_temp/03a84eef-a3a5-4457-a76a-087af145a957.h5
2026-09-04 14:01:18,443 chemicalchecker.util.sanitize.sanitizer.Sanitizer [DEBUG   ] Data type: float64
2026-09-04 14:01:18,445 chemicalchecker.util.sanitize.sanitizer.Sanitizer [DEBUG   ] Data shape: (956, 3083)
2026-09-04 14:01:18,446 chemicalchecker.util.sanitize.sanitizer.Sanitizer [DEBUG   ] Data size: 2947348
2026-09-04 14:01:18,591 chemicalchecker.util.sanitize.sanitizer.Sanitizer [DEBUG   ] Data is continuous.
2026-09-04 14:01:18,592 chemicalchecker.util.sanitize.sanitizer.Sanitizer [DEBUG   ] Checking features:
2026-09-04 14:01:18,592 chemicalchecker.core.signature_data.DataSignature [DEBUG   ] Fetching dataset features
Iterating on `V` axis 1:   0%|          | 0/1 [00:00<?, ?it/s]Iterating on `V` axis 1: 100%|██████████| 1/1 [00:00<00:00, 43.96it/s]
2026-09-04 14:01:18,622 chemicalchecker.util.sanitize.sanitizer.Sanitizer [INFO    ] Filter 0 features (min_feature_abs): []
2026-09-04 14:01:18,623 chemicalchecker.util.sanitize.sanitizer.Sanitizer [INFO    ] Filter 0 features (max_feature_freq): []
2026-09-04 14:01:18,624 chemicalchecker.util.sanitize.sanitizer.Sanitizer [DEBUG   ] Checking keys:
2026-09-04 14:01:18,624 chemicalchecker.core.signature_data.DataSignature [DEBUG   ] Fetching dataset keys
Iterating on `V` axis 0:   0%|          | 0/1 [00:00<?, ?it/s]Iterating on `V` axis 0: 100%|██████████| 1/1 [00:00<00:00, 64.81it/s]
2026-09-04 14:01:18,645 chemicalchecker.util.sanitize.sanitizer.Sanitizer [INFO    ] Filter 0 keys (min_keys_abs): []
2026-09-04 14:01:18,645 chemicalchecker.util.sanitize.sanitizer.Sanitizer [INFO    ] Filter 0 keys (max_keys_freq): []
2026-09-04 14:01:18,645 chemicalchecker.util.sanitize.sanitizer.Sanitizer [DEBUG   ] Missing values:
Iterating on `V` axis 0:   0%|          | 0/1 [00:00<?, ?it/s]Iterating on `V` axis 0: 100%|██████████| 1/1 [00:00<00:00, 40.75it/s]
2026-09-04 14:01:18,671 chemicalchecker.util.sanitize.sanitizer.Sanitizer [DEBUG   ] NaN  :        18794
2026-09-04 14:01:18,672 chemicalchecker.util.sanitize.sanitizer.Sanitizer [DEBUG   ] +inf :            0
2026-09-04 14:01:18,672 chemicalchecker.util.sanitize.sanitizer.Sanitizer [DEBUG   ] -inf :            0
2026-09-04 14:01:18,672 chemicalchecker.util.sanitize.sanitizer.Sanitizer [INFO    ] Imputing missing values.
Iterating on `V` axis 1:   0%|          | 0/1 [00:00<?, ?it/s]Iterating on `V` axis 1: 100%|██████████| 1/1 [00:00<00:00,  3.98it/s]Iterating on `V` axis 1: 100%|██████████| 1/1 [00:00<00:00,  3.97it/s]
2026-09-04 14:01:18,926 chemicalchecker.util.sanitize.sanitizer.Sanitizer [DEBUG   ] Missing values:
Iterating on `V` axis 0:   0%|          | 0/1 [00:00<?, ?it/s]Iterating on `V` axis 0: 100%|██████████| 1/1 [00:00<00:00, 39.61it/s]
2026-09-04 14:01:18,955 chemicalchecker.util.sanitize.sanitizer.Sanitizer [DEBUG   ] NaN  :            0
2026-09-04 14:01:18,955 chemicalchecker.util.sanitize.sanitizer.Sanitizer [DEBUG   ] +inf :            0
2026-09-04 14:01:18,956 chemicalchecker.util.sanitize.sanitizer.Sanitizer [DEBUG   ] -inf :            0
2026-09-04 14:01:18,959 chemicalchecker.util.sanitize.sanitizer.Sanitizer [INFO    ] Sanitized data shape: (956, 3083)
2026-09-04 14:01:18,973 chemicalchecker.core.signature_base.BaseSignature [INFO    ] STATUS: Aggregating
2026-09-04 14:01:18,978 chemicalchecker.util.aggregate.aggregate.Aggregate [DEBUG   ] Matrix does not need aggregation
2026-09-04 14:01:18,978 chemicalchecker.core.signature_base.BaseSignature [INFO    ] STATUS: Saving H5
2026-09-04 14:01:19,038 chemicalchecker.core.signature_data.DataSignature [DEBUG   ] Mappings are not available, using implicit key-key mappings.
2026-09-04 14:01:19,038 chemicalchecker.util.remove_near_duplicates.remove_near_duplicates.RNDuplicates [DEBUG   ] RNDuplicates to use 128 bits
2026-09-04 14:01:19,039 chemicalchecker.core.signature_base.BaseSignature [DEBUG   ] Loading signature: /scratch/sbnb/sayala/protocols/local_CC_D6/reference/D/D6/D6.007/sign0
[INFO    ] Loading faiss with AVX512 support.
[INFO    ] Successfully loaded faiss with AVX512 support.
2026-09-04 14:01:19,445 chemicalchecker.util.remove_near_duplicates.remove_near_duplicates.RNDuplicates [INFO    ] Removing near duplicates.
2026-09-04 14:01:19,445 chemicalchecker.util.remove_near_duplicates.remove_near_duplicates.RNDuplicates [DEBUG   ] Data input is: /scratch/sbnb/sayala/protocols/local_CC_D6/full/D/D6/D6.007/sign0/sign0.h5
2026-09-04 14:01:19,462 chemicalchecker.util.remove_near_duplicates.remove_near_duplicates.RNDuplicates [INFO    ] Size before removing: 956
2026-09-04 14:01:20,260 chemicalchecker.util.remove_near_duplicates.remove_near_duplicates.RNDuplicates [INFO    ] Size after removing: 956
2026-09-04 14:01:20,261 chemicalchecker.util.remove_near_duplicates.remove_near_duplicates.RNDuplicates [INFO    ] Saving removed duplicates to: /scratch/sbnb/sayala/protocols/local_CC_D6/reference/D/D6/D6.007/sign0/sign0.h5
2026-09-04 14:01:20,296 chemicalchecker.util.remove_near_duplicates.remove_near_duplicates.RNDuplicates [DEBUG   ] Writing mappings to: /scratch/sbnb/sayala/protocols/local_CC_D6/reference/D/D6/D6.007/sign0
2026-09-04 14:01:20,309 chemicalchecker.core.signature_base.BaseSignature [INFO    ] STATUS: Background distances
2026-09-04 14:01:20,310 chemicalchecker.core.signature_base.BaseSignature [DEBUG   ] Loading signature: /scratch/sbnb/sayala/protocols/local_CC_D6/reference/D/D6/D6.007/sign0
2026-09-04 14:01:20,311 chemicalchecker.core.signature_data.DataSignature [INFO    ] Background distances not available, computing them.
2026-09-04 14:01:20,328 chemicalchecker.core.signature_data.DataSignature [INFO    ] Background distances sample_pairs: 75210
2026-09-04 14:01:23,957 chemicalchecker.core.signature_base.BaseSignature [DEBUG   ] Loading signature: /scratch/sbnb/sayala/protocols/local_CC_D6/reference/D/D6/D6.007/sign0
2026-09-04 14:01:23,957 chemicalchecker.core.signature_data.DataSignature [INFO    ] Background distances not available, computing them.
2026-09-04 14:01:23,973 chemicalchecker.core.signature_data.DataSignature [INFO    ] Background distances sample_pairs: 75210
2026-09-04 14:01:25,898 chemicalchecker.core.signature_base.BaseSignature [INFO    ] STATUS: Validation
2026-09-04 14:01:25,899 chemicalchecker.core.signature_base.BaseSignature [WARNING ] Standard validation path does not exist, taking validations from examples
2026-09-04 14:01:25,900 chemicalchecker.core.signature_base.BaseSignature [INFO    ] /scratch/sbnb/sayala/chemical_checker/package/chemicalchecker/core/examples/validation_sets/
2026-09-04 14:01:25,900 chemicalchecker.util.plot.plot.Plot [DEBUG   ] Plots for D6.007 saved to /scratch/sbnb/sayala/protocols/local_CC_D6/full/D/D6/D6.007/sign0/stats
2026-09-04 14:01:25,900 chemicalchecker.util.plot.plot.Plot [INFO    ] MOA Validation
2026-09-04 14:01:26,210 chemicalchecker.util.plot.plot.Plot [INFO    ] MOA concerns 2707 molecules
2026-09-04 14:01:26,210 chemicalchecker.util.plot.plot.Plot [INFO    ] 54019 pairs with SAME MOA
2026-09-04 14:01:26,211 chemicalchecker.util.plot.plot.Plot [INFO    ] 54019 pairs with DIFFERENT MOA
2026-09-04 14:01:26,211 chemicalchecker.util.plot.plot.Plot [INFO    ] shares with signature 374 molecules
2026-09-04 14:01:26,212 chemicalchecker.core.signature_data.DataSignature [DEBUG   ] Fetching 374 rows from dataset V
2026-09-04 14:01:26,254 chemicalchecker.util.plot.plot.Plot [INFO    ] 907 shared pairs with SAME MOA
2026-09-04 14:01:26,254 chemicalchecker.util.plot.plot.Plot [INFO    ] 1006 shared pairs with DIFFERENT MOA
2026-09-04 14:01:27,234 chemicalchecker.util.plot.plot.Plot [INFO    ] ATC Validation
2026-09-04 14:01:27,501 chemicalchecker.util.plot.plot.Plot [INFO    ] ATC concerns 2934 molecules
2026-09-04 14:01:27,501 chemicalchecker.util.plot.plot.Plot [INFO    ] 70314 pairs with SAME ATC
2026-09-04 14:01:27,502 chemicalchecker.util.plot.plot.Plot [INFO    ] 70314 pairs with DIFFERENT ATC
2026-09-04 14:01:27,502 chemicalchecker.util.plot.plot.Plot [INFO    ] shares with signature 259 molecules
2026-09-04 14:01:27,502 chemicalchecker.core.signature_data.DataSignature [DEBUG   ] Fetching 259 rows from dataset V
2026-09-04 14:01:27,546 chemicalchecker.util.plot.plot.Plot [INFO    ] 1487 shared pairs with SAME ATC
2026-09-04 14:01:27,546 chemicalchecker.util.plot.plot.Plot [INFO    ] 524 shared pairs with DIFFERENT ATC
2026-09-04 14:01:28,449 chemicalchecker.core.signature_base.BaseSignature [DEBUG   ] Mark as ready
2026-09-04 14:01:28,450 chemicalchecker.core.signature_base.BaseSignature [DEBUG   ] Loading signature: /scratch/sbnb/sayala/protocols/local_CC_D6/reference/D/D6/D6.007/sign0
2026-09-04 14:01:28,450 chemicalchecker.core.signature_base.BaseSignature [INFO    ] STATUS: Validation reference
2026-09-04 14:01:28,455 chemicalchecker.core.signature_base.BaseSignature [WARNING ] Standard validation path does not exist, taking validations from examples
2026-09-04 14:01:28,456 chemicalchecker.core.signature_base.BaseSignature [INFO    ] /scratch/sbnb/sayala/chemical_checker/package/chemicalchecker/core/examples/validation_sets/
2026-09-04 14:01:28,456 chemicalchecker.util.plot.plot.Plot [DEBUG   ] Plots for D6.007 saved to /scratch/sbnb/sayala/protocols/local_CC_D6/reference/D/D6/D6.007/sign0/stats
2026-09-04 14:01:28,456 chemicalchecker.util.plot.plot.Plot [INFO    ] MOA Validation
2026-09-04 14:01:28,534 chemicalchecker.util.plot.plot.Plot [INFO    ] MOA concerns 2707 molecules
2026-09-04 14:01:28,534 chemicalchecker.util.plot.plot.Plot [INFO    ] 54019 pairs with SAME MOA
2026-09-04 14:01:28,534 chemicalchecker.util.plot.plot.Plot [INFO    ] 54019 pairs with DIFFERENT MOA
2026-09-04 14:01:28,535 chemicalchecker.util.plot.plot.Plot [INFO    ] shares with signature 374 molecules
2026-09-04 14:01:28,535 chemicalchecker.core.signature_data.DataSignature [DEBUG   ] Fetching 374 rows from dataset V
2026-09-04 14:01:28,574 chemicalchecker.util.plot.plot.Plot [INFO    ] 907 shared pairs with SAME MOA
2026-09-04 14:01:28,574 chemicalchecker.util.plot.plot.Plot [INFO    ] 1006 shared pairs with DIFFERENT MOA
2026-09-04 14:01:29,370 chemicalchecker.util.plot.plot.Plot [INFO    ] ATC Validation
2026-09-04 14:01:29,472 chemicalchecker.util.plot.plot.Plot [INFO    ] ATC concerns 2934 molecules
2026-09-04 14:01:29,472 chemicalchecker.util.plot.plot.Plot [INFO    ] 70314 pairs with SAME ATC
2026-09-04 14:01:29,472 chemicalchecker.util.plot.plot.Plot [INFO    ] 70314 pairs with DIFFERENT ATC
2026-09-04 14:01:29,473 chemicalchecker.util.plot.plot.Plot [INFO    ] shares with signature 259 molecules
2026-09-04 14:01:29,473 chemicalchecker.core.signature_data.DataSignature [DEBUG   ] Fetching 259 rows from dataset V
2026-09-04 14:01:29,517 chemicalchecker.util.plot.plot.Plot [INFO    ] 1487 shared pairs with SAME ATC
2026-09-04 14:01:29,517 chemicalchecker.util.plot.plot.Plot [INFO    ] 524 shared pairs with DIFFERENT ATC
2026-09-04 14:01:30,422 chemicalchecker.core.signature_base.BaseSignature [INFO    ] STATUS: FIT END
2026-09-04 14:01:30,424 chemicalchecker.core.chemcheck.ChemicalChecker [DEBUG   ] ChemicalChecker with root: /scratch/sbnb/sayala/protocols/local_CC_D6
2026-09-04 14:01:30,450 chemicalchecker.core.diagnostics.Diagnosis [DEBUG   ] Computing or retrieving data for canvas small.
2026-09-04 14:01:30,451 chemicalchecker.core.diagnostics.Diagnosis [DEBUG   ] Skipping the following plots: []
2026-09-04 14:01:30,451 chemicalchecker.core.diagnostics.Diagnosis [DEBUG   ] Cosine distances
2026-09-04 14:01:30,451 chemicalchecker.core.diagnostics.Diagnosis [DEBUG   ] Subsampling signature
2026-09-04 14:01:30,451 chemicalchecker.core.signature_data.DataSignature [DEBUG   ] Full dataset sampled (n=956)
2026-09-04 14:01:30,452 chemicalchecker.core.signature_data.DataSignature [DEBUG   ] Fetching dataset V
2026-09-04 14:01:30,464 chemicalchecker.core.diagnostics.Diagnosis [DEBUG   ] Saving signature subsample /scratch/sbnb/sayala/protocols/local_CC_D6/full/D/D6/D6.007/sign0/diags/local_CC_D6_sign0/subsampled_data.pkl
2026-09-04 14:01:30,511 chemicalchecker.core.diagnostics.Diagnosis [DEBUG   ] Euclidean distances
2026-09-04 14:01:30,538 chemicalchecker.core.diagnostics.Diagnosis [DEBUG   ] Projection
2026-09-04 14:01:30,540 chemicalchecker.core.diagnostics.Diagnosis [DEBUG   ] Fit-transforming t-SNE
2026-09-04 14:01:30,541 chemicalchecker.core.diagnostics.Diagnosis [DEBUG   ] First doing a PCA
2026-09-04 14:01:30,891 chemicalchecker.core.diagnostics.Diagnosis [DEBUG   ] Chosen perplexity 30
2026-09-04 14:01:32,915 chemicalchecker.core.diagnostics.Diagnosis [DEBUG   ] Image
2026-09-04 14:01:32,917 chemicalchecker.core.diagnostics.Diagnosis [DEBUG   ] Features bins
2026-09-04 14:01:33,065 chemicalchecker.core.diagnostics.Diagnosis [DEBUG   ] Keys bins
2026-09-04 14:01:33,156 chemicalchecker.core.diagnostics.Diagnosis [DEBUG   ] Values
2026-09-04 14:01:33,320 chemicalchecker.core.diagnostics.Diagnosis [DEBUG   ] Redundancy
2026-09-04 14:01:33,321 chemicalchecker.core.diagnostics.Diagnosis [DEBUG   ] Removing near duplicates
2026-09-04 14:01:33,321 chemicalchecker.util.remove_near_duplicates.remove_near_duplicates.RNDuplicates [DEBUG   ] RNDuplicates to use 128 bits
2026-09-04 14:01:33,321 chemicalchecker.util.remove_near_duplicates.remove_near_duplicates.RNDuplicates [INFO    ] Removing near duplicates.
2026-09-04 14:01:33,322 chemicalchecker.util.remove_near_duplicates.remove_near_duplicates.RNDuplicates [DEBUG   ] Data input is: /scratch/sbnb/sayala/protocols/local_CC_D6/full/D/D6/D6.007/sign0/sign0.h5
2026-09-04 14:01:33,341 chemicalchecker.util.remove_near_duplicates.remove_near_duplicates.RNDuplicates [INFO    ] Size before removing: 956
2026-09-04 14:01:33,354 chemicalchecker.util.remove_near_duplicates.remove_near_duplicates.RNDuplicates [INFO    ] Size after removing: 956
2026-09-04 14:01:33,361 chemicalchecker.util.plot.diagnosticsplot.DiagnosisPlot [DEBUG   ] Plotting Canvas small
2026-09-04 14:01:33,675 chemicalchecker.core.diagnostics.Diagnosis [DEBUG   ] Saving plot to: /scratch/sbnb/sayala/protocols/local_CC_D6/full/D/D6/D6.007/sign0/diags/local_CC_D6_sign0/D6.007_sign0_local_CC_D6_sign0_small.png
2026-09-04 14:01:35,773 chemicalchecker.core.signature_base.BaseSignature [DEBUG   ] Loading signature: /scratch/sbnb/sayala/protocols/local_CC_D6/full/D/D6/D6.007/sign1
2026-09-04 14:01:35,774 chemicalchecker.core.signature_base.BaseSignature [DEBUG   ] Loading signature: /scratch/sbnb/sayala/protocols/local_CC_D6/reference/D/D6/D6.007/sign1
2026-09-04 14:01:35,775 chemicalchecker.core.signature_base.BaseSignature [DEBUG   ] Clearing signature /scratch/sbnb/sayala/protocols/local_CC_D6/reference/D/D6/D6.007/sign1
2026-09-04 14:01:35,782 chemicalchecker.core.signature_base.BaseSignature [DEBUG   ] Loading signature: /scratch/sbnb/sayala/protocols/local_CC_D6/full/D/D6/D6.007/sign1
2026-09-04 14:01:35,793 chemicalchecker.core.signature_base.BaseSignature [DEBUG   ] Clearing signature /scratch/sbnb/sayala/protocols/local_CC_D6/full/D/D6/D6.007/sign1
2026-09-04 14:01:39.627371: W tensorflow/stream_executor/platform/default/dso_loader.cc:64] Could not load dynamic library 'libcudart.so.11.0'; dlerror: libcudart.so.11.0: cannot open shared object file: No such file or directory; LD_LIBRARY_PATH: /.singularity.d/libs
2026-09-04 14:01:39.627701: I tensorflow/stream_executor/cuda/cudart_stub.cc:29] Ignore above cudart dlerror if you do not have a GPU set up on your machine.
2026-09-04 14:01:48,205 chemicalchecker.core.signature_base.BaseSignature [INFO    ] STATUS: FIT START
2026-09-04 14:01:48,207 chemicalchecker.core.signature_base.BaseSignature [DEBUG   ] Clearing signature /scratch/sbnb/sayala/protocols/local_CC_D6/full/D/D6/D6.007/sign1
2026-09-04 14:01:48,210 chemicalchecker.core.signature_base.BaseSignature [INFO    ] STATUS: Getting data
2026-09-04 14:01:48,211 chemicalchecker.core.signature_base.BaseSignature [DEBUG   ] Loading signature: /scratch/sbnb/sayala/protocols/local_CC_D6/reference/D/D6/D6.007/sign0
2026-09-04 14:01:48,212 chemicalchecker.core.signature_base.BaseSignature [DEBUG   ] Loading signature: /scratch/sbnb/sayala/protocols/local_CC_D6/reference/D/D6/D6.007/sign1
2026-09-04 14:01:48,213 chemicalchecker.core.signature_base.BaseSignature [DEBUG   ] Clearing signature /scratch/sbnb/sayala/protocols/local_CC_D6/reference/D/D6/D6.007/sign1
2026-09-04 14:01:48,215 chemicalchecker.core.sign1.sign1 [DEBUG   ] Placing sign0 to sign1 (done for reference)
2026-09-04 14:01:48,216 chemicalchecker.core.sign1.sign1 [DEBUG   ] Copying HDF5 dataset
2026-09-04 14:01:48,255 chemicalchecker.core.sign1.sign1 [DEBUG   ] Placing sign0 to sign1 (done for full)
2026-09-04 14:01:48,256 chemicalchecker.core.sign1.sign1 [DEBUG   ] Copying HDF5 dataset
2026-09-04 14:01:48,316 chemicalchecker.core.sign1.sign1 [DEBUG   ] Duplicating signature (tmp) (done for reference)
2026-09-04 14:01:48,317 chemicalchecker.core.sign1.sign1 [DEBUG   ] Duplicating V matrix to V_tmp
2026-09-04 14:01:48,804 chemicalchecker.core.sign1.sign1 [DEBUG   ] Duplicating signature (tmp) (done for full)
2026-09-04 14:01:48,804 chemicalchecker.core.sign1.sign1 [DEBUG   ] Duplicating V matrix to V_tmp
2026-09-04 14:01:49,229 chemicalchecker.core.sign1.sign1 [DEBUG   ] Checking if matrix was sparse or not
2026-09-04 14:01:49,234 chemicalchecker.core.signature_data.DataSignature [DEBUG   ] Full dataset sampled (n=956)
2026-09-04 14:01:49,234 chemicalchecker.core.signature_data.DataSignature [DEBUG   ] Fetching dataset V
2026-09-04 14:01:49,252 chemicalchecker.core.sign1.sign1 [DEBUG   ] Matrix was probably not sparse
2026-09-04 14:01:49,252 chemicalchecker.core.sign1.sign1 [DEBUG   ] Dense matrix pipeline
2026-09-04 14:01:49,252 chemicalchecker.core.signature_base.BaseSignature [INFO    ] STATUS: Scaling
2026-09-04 14:01:49,253 chemicalchecker.core.signature_base.BaseSignature [DEBUG   ] Loading signature: /scratch/sbnb/sayala/protocols/local_CC_D6/reference/D/D6/D6.007/sign1
2026-09-04 14:01:49,254 chemicalchecker.util.transform.base.BaseTransform [DEBUG   ] Checking continuous or categorical
2026-09-04 14:01:49,278 chemicalchecker.util.transform.base.BaseTransform [DEBUG   ] Considering all reference data
2026-09-04 14:01:49,282 chemicalchecker.core.signature_data.DataSignature [DEBUG   ] Fetching dataset V
2026-09-04 14:01:49,293 chemicalchecker.util.transform.base.BaseTransform [DEBUG   ] ...subsampling done
2026-09-04 14:01:49,854 chemicalchecker.util.transform.base.BaseTransform [DEBUG   ] No triplets file found in /scratch/sbnb/sayala/protocols/local_CC_D6/reference/D/D6/D6.007/sign1/models/triplets.h5
2026-09-04 14:01:49,865 chemicalchecker.util.transform.base.BaseTransform [DEBUG   ] Overwriting tmp with the actual dataset
2026-09-04 14:01:49,915 chemicalchecker.util.transform.base.BaseTransform [DEBUG   ] Re-doing the mappings (if necessary)
2026-09-04 14:01:49,916 chemicalchecker.core.signature_base.BaseSignature [DEBUG   ] Loading signature: /scratch/sbnb/sayala/protocols/local_CC_D6/full/D/D6/D6.007/sign1
2026-09-04 14:01:49,916 chemicalchecker.core.signature_base.BaseSignature [DEBUG   ] Loading signature: /scratch/sbnb/sayala/protocols/local_CC_D6/reference/D/D6/D6.007/sign1
2026-09-04 14:01:49,916 chemicalchecker.core.signature_data.DataSignature [DEBUG   ] Fetching dataset mappings
2026-09-04 14:01:49,925 chemicalchecker.util.transform.base.BaseTransform [DEBUG   ] ...mappings not necessary!
2026-09-04 14:01:50,035 chemicalchecker.core.signature_data.DataSignature [DEBUG   ] Mappings are not available, using implicit key-key mappings.
2026-09-04 14:01:50,036 chemicalchecker.util.transform.base.BaseTransform [DEBUG   ] No triplets file found in /scratch/sbnb/sayala/protocols/local_CC_D6/full/D/D6/D6.007/sign1/models/triplets.h5
2026-09-04 14:01:50,047 chemicalchecker.util.transform.base.BaseTransform [DEBUG   ] Overwriting tmp with the actual dataset
2026-09-04 14:01:50,101 chemicalchecker.core.signature_data.DataSignature [DEBUG   ] Mappings are not available, using implicit key-key mappings.
2026-09-04 14:01:50,101 chemicalchecker.util.transform.base.BaseTransform [DEBUG   ] Re-doing the mappings (if necessary)
2026-09-04 14:01:50,101 chemicalchecker.core.signature_base.BaseSignature [DEBUG   ] Loading signature: /scratch/sbnb/sayala/protocols/local_CC_D6/full/D/D6/D6.007/sign1
2026-09-04 14:01:50,102 chemicalchecker.core.signature_base.BaseSignature [DEBUG   ] Loading signature: /scratch/sbnb/sayala/protocols/local_CC_D6/reference/D/D6/D6.007/sign1
2026-09-04 14:01:50,102 chemicalchecker.core.signature_data.DataSignature [DEBUG   ] Fetching dataset mappings
2026-09-04 14:01:50,110 chemicalchecker.util.transform.base.BaseTransform [DEBUG   ] ...mappings not necessary!
2026-09-04 14:01:50,157 chemicalchecker.core.signature_data.DataSignature [DEBUG   ] Mappings are not available, using implicit key-key mappings.
2026-09-04 14:01:50,158 chemicalchecker.util.transform.base.BaseTransform [DEBUG   ] Saving transformer object
2026-09-04 14:01:50,159 chemicalchecker.core.signature_base.BaseSignature [INFO    ] STATUS: PCA
2026-09-04 14:01:50,160 chemicalchecker.core.signature_base.BaseSignature [DEBUG   ] Loading signature: /scratch/sbnb/sayala/protocols/local_CC_D6/reference/D/D6/D6.007/sign1
2026-09-04 14:01:50,160 chemicalchecker.util.transform.base.BaseTransform [DEBUG   ] Checking continuous or categorical
2026-09-04 14:01:50,185 chemicalchecker.util.transform.base.BaseTransform [DEBUG   ] Considering all reference data
2026-09-04 14:01:50,188 chemicalchecker.core.signature_data.DataSignature [DEBUG   ] Fetching dataset V
2026-09-04 14:01:50,200 chemicalchecker.util.transform.base.BaseTransform [DEBUG   ] ...subsampling done
2026-09-04 14:01:50,696 chemicalchecker.util.transform.base.BaseTransform [DEBUG   ] No triplets file found in /scratch/sbnb/sayala/protocols/local_CC_D6/reference/D/D6/D6.007/sign1/models/triplets.h5
2026-09-04 14:01:50,701 chemicalchecker.util.transform.base.BaseTransform [DEBUG   ] Overwriting tmp with the actual dataset
2026-09-04 14:01:50,737 chemicalchecker.util.transform.base.BaseTransform [DEBUG   ] Re-doing the mappings (if necessary)
2026-09-04 14:01:50,738 chemicalchecker.core.signature_base.BaseSignature [DEBUG   ] Loading signature: /scratch/sbnb/sayala/protocols/local_CC_D6/full/D/D6/D6.007/sign1
2026-09-04 14:01:50,738 chemicalchecker.core.signature_base.BaseSignature [DEBUG   ] Loading signature: /scratch/sbnb/sayala/protocols/local_CC_D6/reference/D/D6/D6.007/sign1
2026-09-04 14:01:50,738 chemicalchecker.core.signature_data.DataSignature [DEBUG   ] Fetching dataset mappings
2026-09-04 14:01:50,745 chemicalchecker.util.transform.base.BaseTransform [DEBUG   ] ...mappings not necessary!
2026-09-04 14:01:50,829 chemicalchecker.core.signature_data.DataSignature [DEBUG   ] Mappings are not available, using implicit key-key mappings.
2026-09-04 14:01:50,830 chemicalchecker.util.transform.base.BaseTransform [DEBUG   ] No triplets file found in /scratch/sbnb/sayala/protocols/local_CC_D6/full/D/D6/D6.007/sign1/models/triplets.h5
2026-09-04 14:01:50,833 chemicalchecker.util.transform.base.BaseTransform [DEBUG   ] Overwriting tmp with the actual dataset
2026-09-04 14:01:50,869 chemicalchecker.core.signature_data.DataSignature [DEBUG   ] Mappings are not available, using implicit key-key mappings.
2026-09-04 14:01:50,869 chemicalchecker.util.transform.base.BaseTransform [DEBUG   ] Re-doing the mappings (if necessary)
2026-09-04 14:01:50,870 chemicalchecker.core.signature_base.BaseSignature [DEBUG   ] Loading signature: /scratch/sbnb/sayala/protocols/local_CC_D6/full/D/D6/D6.007/sign1
2026-09-04 14:01:50,870 chemicalchecker.core.signature_base.BaseSignature [DEBUG   ] Loading signature: /scratch/sbnb/sayala/protocols/local_CC_D6/reference/D/D6/D6.007/sign1
2026-09-04 14:01:50,870 chemicalchecker.core.signature_data.DataSignature [DEBUG   ] Fetching dataset mappings
2026-09-04 14:01:50,877 chemicalchecker.util.transform.base.BaseTransform [DEBUG   ] ...mappings not necessary!
2026-09-04 14:01:50,913 chemicalchecker.core.signature_data.DataSignature [DEBUG   ] Mappings are not available, using implicit key-key mappings.
2026-09-04 14:01:50,913 chemicalchecker.util.transform.base.BaseTransform [DEBUG   ] Saving transformer object
2026-09-04 14:01:50,915 chemicalchecker.core.sign1.sign1 [DEBUG   ] Deleting V_tmp
2026-09-04 14:01:50,917 chemicalchecker.core.sign1.sign1 [DEBUG   ] Deleting V_tmp
2026-09-04 14:01:50,919 chemicalchecker.core.signature_base.BaseSignature [DEBUG   ] Loading signature: /scratch/sbnb/sayala/protocols/local_CC_D6/reference/D/D6/D6.007/sign1
2026-09-04 14:01:50,924 chemicalchecker.core.signature_base.BaseSignature [INFO    ] STATUS: Background distances
2026-09-04 14:01:50,925 chemicalchecker.core.signature_base.BaseSignature [DEBUG   ] Loading signature: /scratch/sbnb/sayala/protocols/local_CC_D6/reference/D/D6/D6.007/sign1
2026-09-04 14:01:50,925 chemicalchecker.core.signature_data.DataSignature [INFO    ] Background distances not available, computing them.
2026-09-04 14:01:50,931 chemicalchecker.core.signature_data.DataSignature [INFO    ] Background distances sample_pairs: 75210
2026-09-04 14:01:53,214 chemicalchecker.core.signature_base.BaseSignature [DEBUG   ] Loading signature: /scratch/sbnb/sayala/protocols/local_CC_D6/reference/D/D6/D6.007/sign1
2026-09-04 14:01:53,214 chemicalchecker.core.signature_data.DataSignature [INFO    ] Background distances not available, computing them.
2026-09-04 14:01:53,222 chemicalchecker.core.signature_data.DataSignature [INFO    ] Background distances sample_pairs: 75210
2026-09-04 14:01:54,512 chemicalchecker.core.signature_base.BaseSignature [INFO    ] STATUS: Validation
2026-09-04 14:01:54,513 chemicalchecker.core.signature_base.BaseSignature [WARNING ] Standard validation path does not exist, taking validations from examples
2026-09-04 14:01:54,514 chemicalchecker.core.signature_base.BaseSignature [INFO    ] /scratch/sbnb/sayala/chemical_checker/package/chemicalchecker/core/examples/validation_sets/
2026-09-04 14:01:54,515 chemicalchecker.util.plot.plot.Plot [DEBUG   ] Plots for D6.007 saved to /scratch/sbnb/sayala/protocols/local_CC_D6/full/D/D6/D6.007/sign1/stats
2026-09-04 14:01:54,515 chemicalchecker.util.plot.plot.Plot [INFO    ] MOA Validation
2026-09-04 14:01:54,589 chemicalchecker.util.plot.plot.Plot [INFO    ] MOA concerns 2707 molecules
2026-09-04 14:01:54,590 chemicalchecker.util.plot.plot.Plot [INFO    ] 54019 pairs with SAME MOA
2026-09-04 14:01:54,590 chemicalchecker.util.plot.plot.Plot [INFO    ] 54019 pairs with DIFFERENT MOA
2026-09-04 14:01:54,590 chemicalchecker.util.plot.plot.Plot [INFO    ] shares with signature 374 molecules
2026-09-04 14:01:54,591 chemicalchecker.core.signature_data.DataSignature [DEBUG   ] Fetching 374 rows from dataset V
2026-09-04 14:01:54,611 chemicalchecker.util.plot.plot.Plot [INFO    ] 907 shared pairs with SAME MOA
2026-09-04 14:01:54,611 chemicalchecker.util.plot.plot.Plot [INFO    ] 1006 shared pairs with DIFFERENT MOA
2026-09-04 14:01:55,396 chemicalchecker.util.plot.plot.Plot [INFO    ] ATC Validation
2026-09-04 14:01:55,721 chemicalchecker.util.plot.plot.Plot [INFO    ] ATC concerns 2934 molecules
2026-09-04 14:01:55,721 chemicalchecker.util.plot.plot.Plot [INFO    ] 70314 pairs with SAME ATC
2026-09-04 14:01:55,721 chemicalchecker.util.plot.plot.Plot [INFO    ] 70314 pairs with DIFFERENT ATC
2026-09-04 14:01:55,721 chemicalchecker.util.plot.plot.Plot [INFO    ] shares with signature 259 molecules
2026-09-04 14:01:55,722 chemicalchecker.core.signature_data.DataSignature [DEBUG   ] Fetching 259 rows from dataset V
2026-09-04 14:01:55,753 chemicalchecker.util.plot.plot.Plot [INFO    ] 1487 shared pairs with SAME ATC
2026-09-04 14:01:55,753 chemicalchecker.util.plot.plot.Plot [INFO    ] 524 shared pairs with DIFFERENT ATC
2026-09-04 14:01:56,652 chemicalchecker.core.signature_base.BaseSignature [DEBUG   ] Mark as ready
2026-09-04 14:01:56,653 chemicalchecker.core.signature_base.BaseSignature [DEBUG   ] Loading signature: /scratch/sbnb/sayala/protocols/local_CC_D6/reference/D/D6/D6.007/sign1
2026-09-04 14:01:56,654 chemicalchecker.core.signature_base.BaseSignature [INFO    ] STATUS: Validation reference
2026-09-04 14:01:56,659 chemicalchecker.core.signature_base.BaseSignature [WARNING ] Standard validation path does not exist, taking validations from examples
2026-09-04 14:01:56,660 chemicalchecker.core.signature_base.BaseSignature [INFO    ] /scratch/sbnb/sayala/chemical_checker/package/chemicalchecker/core/examples/validation_sets/
2026-09-04 14:01:56,660 chemicalchecker.util.plot.plot.Plot [DEBUG   ] Plots for D6.007 saved to /scratch/sbnb/sayala/protocols/local_CC_D6/reference/D/D6/D6.007/sign1/stats
2026-09-04 14:01:56,660 chemicalchecker.util.plot.plot.Plot [INFO    ] MOA Validation
2026-09-04 14:01:56,737 chemicalchecker.util.plot.plot.Plot [INFO    ] MOA concerns 2707 molecules
2026-09-04 14:01:56,737 chemicalchecker.util.plot.plot.Plot [INFO    ] 54019 pairs with SAME MOA
2026-09-04 14:01:56,737 chemicalchecker.util.plot.plot.Plot [INFO    ] 54019 pairs with DIFFERENT MOA
2026-09-04 14:01:56,738 chemicalchecker.util.plot.plot.Plot [INFO    ] shares with signature 374 molecules
2026-09-04 14:01:56,738 chemicalchecker.core.signature_data.DataSignature [DEBUG   ] Fetching 374 rows from dataset V
2026-09-04 14:01:56,761 chemicalchecker.util.plot.plot.Plot [INFO    ] 907 shared pairs with SAME MOA
2026-09-04 14:01:56,761 chemicalchecker.util.plot.plot.Plot [INFO    ] 1006 shared pairs with DIFFERENT MOA
2026-09-04 14:01:57,543 chemicalchecker.util.plot.plot.Plot [INFO    ] ATC Validation
2026-09-04 14:01:57,645 chemicalchecker.util.plot.plot.Plot [INFO    ] ATC concerns 2934 molecules
2026-09-04 14:01:57,645 chemicalchecker.util.plot.plot.Plot [INFO    ] 70314 pairs with SAME ATC
2026-09-04 14:01:57,645 chemicalchecker.util.plot.plot.Plot [INFO    ] 70314 pairs with DIFFERENT ATC
2026-09-04 14:01:57,646 chemicalchecker.util.plot.plot.Plot [INFO    ] shares with signature 259 molecules
2026-09-04 14:01:57,646 chemicalchecker.core.signature_data.DataSignature [DEBUG   ] Fetching 259 rows from dataset V
2026-09-04 14:01:57,676 chemicalchecker.util.plot.plot.Plot [INFO    ] 1487 shared pairs with SAME ATC
2026-09-04 14:01:57,676 chemicalchecker.util.plot.plot.Plot [INFO    ] 524 shared pairs with DIFFERENT ATC
2026-09-04 14:01:58,577 chemicalchecker.core.signature_base.BaseSignature [INFO    ] STATUS: FIT END
2026-09-04 14:01:58,578 chemicalchecker.core.signature_base.BaseSignature [DEBUG   ] Loading signature: /scratch/sbnb/sayala/protocols/local_CC_D6/full/D/D6/D6.007/neig1
2026-09-04 14:01:58,579 chemicalchecker.core.neig.neig [DEBUG   ] signature path is: /scratch/sbnb/sayala/protocols/local_CC_D6/full/D/D6/D6.007/neig1
2026-09-04 14:01:58,579 chemicalchecker.core.neig.neig [DEBUG   ] data_path: /scratch/sbnb/sayala/protocols/local_CC_D6/full/D/D6/D6.007/neig1/neig.h5
2026-09-04 14:01:58,580 chemicalchecker.core.signature_base.BaseSignature [DEBUG   ] Loading signature: /scratch/sbnb/sayala/protocols/local_CC_D6/reference/D/D6/D6.007/neig1
2026-09-04 14:01:58,580 chemicalchecker.core.neig.neig [DEBUG   ] signature path is: /scratch/sbnb/sayala/protocols/local_CC_D6/reference/D/D6/D6.007/neig1
2026-09-04 14:01:58,580 chemicalchecker.core.neig.neig [DEBUG   ] data_path: /scratch/sbnb/sayala/protocols/local_CC_D6/reference/D/D6/D6.007/neig1/neig.h5
2026-09-04 14:01:58,580 chemicalchecker.core.signature_base.BaseSignature [DEBUG   ] Clearing signature /scratch/sbnb/sayala/protocols/local_CC_D6/reference/D/D6/D6.007/neig1
2026-09-04 14:01:58,584 chemicalchecker.core.signature_base.BaseSignature [DEBUG   ] Loading signature: /scratch/sbnb/sayala/protocols/local_CC_D6/full/D/D6/D6.007/neig1
2026-09-04 14:01:58,584 chemicalchecker.core.neig.neig [DEBUG   ] signature path is: /scratch/sbnb/sayala/protocols/local_CC_D6/full/D/D6/D6.007/neig1
2026-09-04 14:01:58,584 chemicalchecker.core.neig.neig [DEBUG   ] data_path: /scratch/sbnb/sayala/protocols/local_CC_D6/full/D/D6/D6.007/neig1/neig.h5
2026-09-04 14:01:58,584 chemicalchecker.core.signature_base.BaseSignature [DEBUG   ] Clearing signature /scratch/sbnb/sayala/protocols/local_CC_D6/full/D/D6/D6.007/neig1
2026-09-04 14:01:58,587 chemicalchecker.core.neig.neig [DEBUG   ] Fit will be done with the reference neig1
2026-09-04 14:01:58,610 chemicalchecker.core.signature_base.BaseSignature [DEBUG   ] Loading signature: /scratch/sbnb/sayala/protocols/local_CC_D6/reference/D/D6/D6.007/neig1
2026-09-04 14:01:58,626 chemicalchecker.core.neig.neig [DEBUG   ] signature path is: /scratch/sbnb/sayala/protocols/local_CC_D6/reference/D/D6/D6.007/neig1
2026-09-04 14:01:58,626 chemicalchecker.core.neig.neig [DEBUG   ] data_path: /scratch/sbnb/sayala/protocols/local_CC_D6/reference/D/D6/D6.007/neig1/neig.h5
2026-09-04 14:01:58,627 chemicalchecker.core.neig.neig [DEBUG   ] Fit will be done with the reference sign
2026-09-04 14:01:58,627 chemicalchecker.core.signature_base.BaseSignature [DEBUG   ] Loading signature: /scratch/sbnb/sayala/protocols/local_CC_D6/reference/D/D6/D6.007/sign1
2026-09-04 14:01:58,627 chemicalchecker.core.signature_base.BaseSignature [DEBUG   ] Loading signature: /scratch/sbnb/sayala/protocols/local_CC_D6/reference/D/D6/D6.007/sign1
2026-09-04 14:01:58,757 chemicalchecker.core.signature_base.BaseSignature [DEBUG   ] Loading signature: /scratch/sbnb/sayala/protocols/local_CC_D6/reference/D/D6/D6.007/sign1
2026-09-04 14:01:58,757 chemicalchecker.core.signature_base.BaseSignature [DEBUG   ] Loading signature: /scratch/sbnb/sayala/protocols/local_CC_D6/full/D/D6/D6.007/sign1
2026-09-04 14:01:58,757 chemicalchecker.core.signature_base.BaseSignature [DEBUG   ] Loading signature: /scratch/sbnb/sayala/protocols/local_CC_D6/full/D/D6/D6.007/neig1
2026-09-04 14:01:58,758 chemicalchecker.core.neig.neig [DEBUG   ] signature path is: /scratch/sbnb/sayala/protocols/local_CC_D6/full/D/D6/D6.007/neig1
2026-09-04 14:01:58,758 chemicalchecker.core.neig.neig [DEBUG   ] data_path: /scratch/sbnb/sayala/protocols/local_CC_D6/full/D/D6/D6.007/neig1/neig.h5
2026-09-04 14:01:58,877 chemicalchecker.core.chemcheck.ChemicalChecker [DEBUG   ] ChemicalChecker with root: /scratch/sbnb/sayala/protocols/local_CC_D6
2026-09-04 14:01:58,905 chemicalchecker.core.diagnostics.Diagnosis [DEBUG   ] Computing or retrieving data for canvas small.
2026-09-04 14:01:58,905 chemicalchecker.core.diagnostics.Diagnosis [DEBUG   ] Skipping the following plots: []
2026-09-04 14:01:58,906 chemicalchecker.core.diagnostics.Diagnosis [DEBUG   ] Cosine distances
2026-09-04 14:01:58,906 chemicalchecker.core.diagnostics.Diagnosis [DEBUG   ] Subsampling signature
2026-09-04 14:01:58,906 chemicalchecker.core.signature_data.DataSignature [DEBUG   ] Full dataset sampled (n=956)
2026-09-04 14:01:58,906 chemicalchecker.core.signature_data.DataSignature [DEBUG   ] Fetching dataset V
2026-09-04 14:01:58,910 chemicalchecker.core.diagnostics.Diagnosis [DEBUG   ] Saving signature subsample /scratch/sbnb/sayala/protocols/local_CC_D6/full/D/D6/D6.007/sign1/diags/local_CC_D6_sign1/subsampled_data.pkl
2026-09-04 14:01:58,916 chemicalchecker.core.diagnostics.Diagnosis [DEBUG   ] Euclidean distances
2026-09-04 14:01:58,921 chemicalchecker.core.diagnostics.Diagnosis [DEBUG   ] Projection
2026-09-04 14:01:58,922 chemicalchecker.core.diagnostics.Diagnosis [DEBUG   ] Fit-transforming t-SNE
2026-09-04 14:01:58,922 chemicalchecker.core.diagnostics.Diagnosis [DEBUG   ] First doing a PCA
2026-09-04 14:01:59,091 chemicalchecker.core.diagnostics.Diagnosis [DEBUG   ] Chosen perplexity 30
2026-09-04 14:02:01,094 chemicalchecker.core.diagnostics.Diagnosis [DEBUG   ] Image
2026-09-04 14:02:01,096 chemicalchecker.core.diagnostics.Diagnosis [DEBUG   ] Features bins
2026-09-04 14:02:01,122 chemicalchecker.core.diagnostics.Diagnosis [DEBUG   ] Keys bins
2026-09-04 14:02:01,156 chemicalchecker.core.diagnostics.Diagnosis [DEBUG   ] Values
2026-09-04 14:02:01,270 chemicalchecker.core.diagnostics.Diagnosis [DEBUG   ] Redundancy
2026-09-04 14:02:01,270 chemicalchecker.core.diagnostics.Diagnosis [DEBUG   ] Removing near duplicates
2026-09-04 14:02:01,271 chemicalchecker.util.remove_near_duplicates.remove_near_duplicates.RNDuplicates [DEBUG   ] RNDuplicates to use 128 bits
2026-09-04 14:02:01,271 chemicalchecker.util.remove_near_duplicates.remove_near_duplicates.RNDuplicates [INFO    ] Removing near duplicates.
2026-09-04 14:02:01,271 chemicalchecker.util.remove_near_duplicates.remove_near_duplicates.RNDuplicates [DEBUG   ] Data input is: /scratch/sbnb/sayala/protocols/local_CC_D6/full/D/D6/D6.007/sign1/sign1.h5
2026-09-04 14:02:01,277 chemicalchecker.util.remove_near_duplicates.remove_near_duplicates.RNDuplicates [INFO    ] Size before removing: 956
2026-09-04 14:02:01,289 chemicalchecker.util.remove_near_duplicates.remove_near_duplicates.RNDuplicates [INFO    ] Size after removing: 956
2026-09-04 14:02:01,296 chemicalchecker.util.plot.diagnosticsplot.DiagnosisPlot [DEBUG   ] Plotting Canvas small
2026-09-04 14:02:01,639 chemicalchecker.core.diagnostics.Diagnosis [DEBUG   ] Saving plot to: /scratch/sbnb/sayala/protocols/local_CC_D6/full/D/D6/D6.007/sign1/diags/local_CC_D6_sign1/D6.007_sign1_local_CC_D6_sign1_small.png
2026-09-04 14:02:02,789 chemicalchecker.core.signature_base.BaseSignature [DEBUG   ] Loading signature: /scratch/sbnb/sayala/protocols/local_CC_D6/full/D/D6/D6.007/sign2
2026-09-04 14:02:02,790 chemicalchecker.core.signature_base.BaseSignature [DEBUG   ] Loading signature: /scratch/sbnb/sayala/protocols/local_CC_D6/reference/D/D6/D6.007/sign2
2026-09-04 14:02:02,790 chemicalchecker.core.signature_base.BaseSignature [DEBUG   ] Clearing signature /scratch/sbnb/sayala/protocols/local_CC_D6/reference/D/D6/D6.007/sign2
2026-09-04 14:02:02,797 chemicalchecker.core.signature_base.BaseSignature [DEBUG   ] Loading signature: /scratch/sbnb/sayala/protocols/local_CC_D6/full/D/D6/D6.007/sign2
2026-09-04 14:02:02,847 chemicalchecker.core.signature_base.BaseSignature [DEBUG   ] Clearing signature /scratch/sbnb/sayala/protocols/local_CC_D6/full/D/D6/D6.007/sign2
[WARNING ] From /opt/miniconda3/envs/cc_env/lib/python3.10/site-packages/adanet/core/tpu_estimator.py:33: The name tf.estimator.tpu.TPUEstimator is deprecated. Please use tf.compat.v1.estimator.tpu.TPUEstimator instead.

2026-09-04 14:02:04,484 chemicalchecker.core.signature_base.BaseSignature [INFO    ] STATUS: FIT START
2026-09-04 14:02:04,497 chemicalchecker.core.sign2.sign2 [DEBUG   ] Fit will be done with the reference sign2
2026-09-04 14:02:04,497 chemicalchecker.core.signature_base.BaseSignature [DEBUG   ] Loading signature: /scratch/sbnb/sayala/protocols/local_CC_D6/reference/D/D6/D6.007/sign2
2026-09-04 14:02:04,498 chemicalchecker.core.sign2.sign2 [DEBUG   ] Fit will be done with the reference sign1
2026-09-04 14:02:04,498 chemicalchecker.core.signature_base.BaseSignature [DEBUG   ] Loading signature: /scratch/sbnb/sayala/protocols/local_CC_D6/reference/D/D6/D6.007/sign1
2026-09-04 14:02:04,499 chemicalchecker.core.signature_base.BaseSignature [DEBUG   ] Loading signature: /scratch/sbnb/sayala/protocols/local_CC_D6/reference/D/D6/D6.007/sign1
2026-09-04 14:02:04,499 chemicalchecker.core.sign2.sign2 [DEBUG   ] Fit will be done with the reference neig1
2026-09-04 14:02:04,499 chemicalchecker.core.signature_base.BaseSignature [DEBUG   ] Loading signature: /scratch/sbnb/sayala/protocols/local_CC_D6/reference/D/D6/D6.007/neig1
2026-09-04 14:02:04,500 chemicalchecker.core.neig.neig [DEBUG   ] signature path is: /scratch/sbnb/sayala/protocols/local_CC_D6/reference/D/D6/D6.007/neig1
2026-09-04 14:02:04,500 chemicalchecker.core.neig.neig [DEBUG   ] data_path: /scratch/sbnb/sayala/protocols/local_CC_D6/reference/D/D6/D6.007/neig1/neig.h5
2026-09-04 14:02:04,500 chemicalchecker.core.signature_base.BaseSignature [DEBUG   ] Loading signature: /scratch/sbnb/sayala/protocols/local_CC_D6/reference/D/D6/D6.007/neig1
2026-09-04 14:02:04,501 chemicalchecker.core.neig.neig [DEBUG   ] signature path is: /scratch/sbnb/sayala/protocols/local_CC_D6/reference/D/D6/D6.007/neig1
2026-09-04 14:02:04,501 chemicalchecker.core.neig.neig [DEBUG   ] data_path: /scratch/sbnb/sayala/protocols/local_CC_D6/reference/D/D6/D6.007/neig1/neig.h5
2026-09-04 14:02:04,501 chemicalchecker.core.signature_base.BaseSignature [INFO    ] STATUS: Node2Vec
2026-09-04 14:02:04,516 chemicalchecker.core.sign2.sign2 [DEBUG   ] Node2Vec on /scratch/sbnb/sayala/protocols/local_CC_D6/reference/D/D6/D6.007/sign1/sign1.h5
2026-09-04 14:02:04,516 chemicalchecker.util.config.config.Config [DEBUG   ] Loading config from: /scratch/sbnb/sayala/chemical_checker/setup/cc_config.json
2026-09-04 14:02:04,518 chemicalchecker.core.signature_data.DataSignature [INFO    ] Reading bg_distances file for metric: cosine
2026-09-04 14:02:05,138 chemicalchecker.util.config.config.Config [DEBUG   ] Loading config from: /scratch/sbnb/sayala/chemical_checker/setup/cc_config.json
2026-09-04 14:02:06,596 chemicalchecker.util.config.config.Config [DEBUG   ] Loading config from: /scratch/sbnb/sayala/chemical_checker/setup/cc_config.json
2026-09-04 14:02:06,615 chemicalchecker.util.network.network.SNAPNetwork [INFO    ] Nodes :          956
2026-09-04 14:02:06,615 chemicalchecker.util.network.network.SNAPNetwork [INFO    ] Edges :        17869
2026-09-04 14:02:06,802 chemicalchecker.tool.node2vec.node2vec.Node2Vec [INFO    ] -i:/scratch/sbnb/sayala/protocols/local_CC_D6/reference/D/D6/D6.007/sign2/models/node2vec/graph.edgelist -o:/scratch/sbnb/sayala/protocols/local_CC_D6/reference/D/D6/D6.007/sign2/models/node2vec/n2v.emb -d:128 -l:80 -r:10 -k:10 -e:1 -p:1 -q:1 -v -w
2026-09-04 14:02:06,802 chemicalchecker.tool.node2vec.node2vec.Node2Vec [INFO    ] cpu: 1
2026-09-04 14:02:07,051 chemicalchecker.tool.node2vec.node2vec.Node2Vec [DEBUG   ] 
2026-09-04 14:02:07,051 chemicalchecker.tool.node2vec.node2vec.Node2Vec [DEBUG   ] An algorithmic framework for representational learning on graphs. [Sep 25 2018]
2026-09-04 14:02:07,052 chemicalchecker.tool.node2vec.node2vec.Node2Vec [DEBUG   ] ================================================================================
2026-09-04 14:02:07,052 chemicalchecker.tool.node2vec.node2vec.Node2Vec [DEBUG   ] Input graph path (-i:)=/scratch/sbnb/sayala/protocols/local_CC_D6/reference/D/D6/D6.007/sign2/models/node2vec/graph.edgelist
2026-09-04 14:02:07,052 chemicalchecker.tool.node2vec.node2vec.Node2Vec [DEBUG   ] Output graph path (-o:)=/scratch/sbnb/sayala/protocols/local_CC_D6/reference/D/D6/D6.007/sign2/models/node2vec/n2v.emb
2026-09-04 14:02:07,053 chemicalchecker.tool.node2vec.node2vec.Node2Vec [DEBUG   ] Number of dimensions. Default is 128 (-d:)=128
2026-09-04 14:02:07,053 chemicalchecker.tool.node2vec.node2vec.Node2Vec [DEBUG   ] Length of walk per source. Default is 80 (-l:)=80
2026-09-04 14:02:07,053 chemicalchecker.tool.node2vec.node2vec.Node2Vec [DEBUG   ] Number of walks per source. Default is 10 (-r:)=10
2026-09-04 14:02:07,053 chemicalchecker.tool.node2vec.node2vec.Node2Vec [DEBUG   ] Context size for optimization. Default is 10 (-k:)=10
2026-09-04 14:02:07,054 chemicalchecker.tool.node2vec.node2vec.Node2Vec [DEBUG   ] Number of epochs in SGD. Default is 1 (-e:)=1
2026-09-04 14:02:07,054 chemicalchecker.tool.node2vec.node2vec.Node2Vec [DEBUG   ] Return hyperparameter. Default is 1 (-p:)=1
2026-09-04 14:02:07,054 chemicalchecker.tool.node2vec.node2vec.Node2Vec [DEBUG   ] Inout hyperparameter. Default is 1 (-q:)=1
2026-09-04 14:02:07,054 chemicalchecker.tool.node2vec.node2vec.Node2Vec [DEBUG   ] Verbose output. (-v)=YES
2026-09-04 14:02:07,055 chemicalchecker.tool.node2vec.node2vec.Node2Vec [DEBUG   ] Graph is directed. (-dr)=NO
2026-09-04 14:02:07,055 chemicalchecker.tool.node2vec.node2vec.Node2Vec [DEBUG   ] Graph is weighted. (-w)=YES
2026-09-04 14:02:07,055 chemicalchecker.tool.node2vec.node2vec.Node2Vec [DEBUG   ] Output random walks instead of embeddings. (-ow)=NO
2026-09-04 14:02:07,055 chemicalchecker.tool.node2vec.node2vec.Node2Vec [DEBUG   ] Read 17869 lines from /scratch/sbnb/sayala/protocols/local_CC_D6/reference/D/D6/D6.007/sign2/models/node2vec/graph.edgelist
2026-09-04 14:02:07,056 chemicalchecker.tool.node2vec.node2vec.Node2Vec [DEBUG   ] 11.91 MB Needed for preprocessing.
2026-09-04 14:02:07,076 chemicalchecker.tool.node2vec.node2vec.Node2Vec [DEBUG   ] 
2026-09-04 14:02:07,151 chemicalchecker.tool.node2vec.node2vec.Node2Vec [DEBUG   ] Preprocessing progress: 0.00%
2026-09-04 14:02:07,180 chemicalchecker.tool.node2vec.node2vec.Node2Vec [DEBUG   ] Preprocessing progress: 10.46%
2026-09-04 14:02:07,195 chemicalchecker.tool.node2vec.node2vec.Node2Vec [DEBUG   ] Preprocessing progress: 20.92%
2026-09-04 14:02:07,205 chemicalchecker.tool.node2vec.node2vec.Node2Vec [DEBUG   ] Preprocessing progress: 31.38%
2026-09-04 14:02:07,221 chemicalchecker.tool.node2vec.node2vec.Node2Vec [DEBUG   ] Preprocessing progress: 41.84%
2026-09-04 14:02:07,228 chemicalchecker.tool.node2vec.node2vec.Node2Vec [DEBUG   ] Preprocessing progress: 52.30%
2026-09-04 14:02:07,233 chemicalchecker.tool.node2vec.node2vec.Node2Vec [DEBUG   ] Preprocessing progress: 62.76%
2026-09-04 14:02:07,235 chemicalchecker.tool.node2vec.node2vec.Node2Vec [DEBUG   ] Preprocessing progress: 73.22%
2026-09-04 14:02:07,236 chemicalchecker.tool.node2vec.node2vec.Node2Vec [DEBUG   ] Preprocessing progress: 83.68%
2026-09-04 14:02:07,236 chemicalchecker.tool.node2vec.node2vec.Node2Vec [DEBUG   ] Preprocessing progress: 94.14%
2026-09-04 14:02:07,237 chemicalchecker.tool.node2vec.node2vec.Node2Vec [DEBUG   ] 2.92 MB Needed for walks.
2026-09-04 14:02:07,239 chemicalchecker.tool.node2vec.node2vec.Node2Vec [DEBUG   ] 
2026-09-04 14:02:07,348 chemicalchecker.tool.node2vec.node2vec.Node2Vec [DEBUG   ] Walking Progress: 0.00%
2026-09-04 14:02:07,349 chemicalchecker.tool.node2vec.node2vec.Node2Vec [DEBUG   ] 956.00 KB Needed for embeddings.
2026-09-04 14:02:07,368 chemicalchecker.tool.node2vec.node2vec.Node2Vec [DEBUG   ] 
2026-09-04 14:02:07,576 chemicalchecker.tool.node2vec.node2vec.Node2Vec [DEBUG   ] Learning Progress: 0.00%
2026-09-04 14:02:07,783 chemicalchecker.tool.node2vec.node2vec.Node2Vec [DEBUG   ] Learning Progress: 1.31%
2026-09-04 14:02:07,992 chemicalchecker.tool.node2vec.node2vec.Node2Vec [DEBUG   ] Learning Progress: 2.62%
2026-09-04 14:02:08,201 chemicalchecker.tool.node2vec.node2vec.Node2Vec [DEBUG   ] Learning Progress: 3.92%
2026-09-04 14:02:08,410 chemicalchecker.tool.node2vec.node2vec.Node2Vec [DEBUG   ] Learning Progress: 5.23%
2026-09-04 14:02:08,617 chemicalchecker.tool.node2vec.node2vec.Node2Vec [DEBUG   ] Learning Progress: 6.54%
2026-09-04 14:02:08,823 chemicalchecker.tool.node2vec.node2vec.Node2Vec [DEBUG   ] Learning Progress: 7.85%
2026-09-04 14:02:09,032 chemicalchecker.tool.node2vec.node2vec.Node2Vec [DEBUG   ] Learning Progress: 9.15%
2026-09-04 14:02:09,240 chemicalchecker.tool.node2vec.node2vec.Node2Vec [DEBUG   ] Learning Progress: 10.46%
2026-09-04 14:02:09,449 chemicalchecker.tool.node2vec.node2vec.Node2Vec [DEBUG   ] Learning Progress: 11.77%
2026-09-04 14:02:09,660 chemicalchecker.tool.node2vec.node2vec.Node2Vec [DEBUG   ] Learning Progress: 13.08%
2026-09-04 14:02:09,867 chemicalchecker.tool.node2vec.node2vec.Node2Vec [DEBUG   ] Learning Progress: 14.38%
2026-09-04 14:02:10,074 chemicalchecker.tool.node2vec.node2vec.Node2Vec [DEBUG   ] Learning Progress: 15.69%
2026-09-04 14:02:10,268 chemicalchecker.tool.node2vec.node2vec.Node2Vec [DEBUG   ] Learning Progress: 17.00%
2026-09-04 14:02:10,435 chemicalchecker.tool.node2vec.node2vec.Node2Vec [DEBUG   ] Learning Progress: 18.31%
2026-09-04 14:02:10,601 chemicalchecker.tool.node2vec.node2vec.Node2Vec [DEBUG   ] Learning Progress: 19.61%
2026-09-04 14:02:10,769 chemicalchecker.tool.node2vec.node2vec.Node2Vec [DEBUG   ] Learning Progress: 20.92%
2026-09-04 14:02:10,936 chemicalchecker.tool.node2vec.node2vec.Node2Vec [DEBUG   ] Learning Progress: 22.23%
2026-09-04 14:02:11,104 chemicalchecker.tool.node2vec.node2vec.Node2Vec [DEBUG   ] Learning Progress: 23.54%
2026-09-04 14:02:11,273 chemicalchecker.tool.node2vec.node2vec.Node2Vec [DEBUG   ] Learning Progress: 24.84%
2026-09-04 14:02:11,441 chemicalchecker.tool.node2vec.node2vec.Node2Vec [DEBUG   ] Learning Progress: 26.15%
2026-09-04 14:02:11,610 chemicalchecker.tool.node2vec.node2vec.Node2Vec [DEBUG   ] Learning Progress: 27.46%
2026-09-04 14:02:11,780 chemicalchecker.tool.node2vec.node2vec.Node2Vec [DEBUG   ] Learning Progress: 28.77%
2026-09-04 14:02:11,950 chemicalchecker.tool.node2vec.node2vec.Node2Vec [DEBUG   ] Learning Progress: 30.07%
2026-09-04 14:02:12,118 chemicalchecker.tool.node2vec.node2vec.Node2Vec [DEBUG   ] Learning Progress: 31.38%
2026-09-04 14:02:12,286 chemicalchecker.tool.node2vec.node2vec.Node2Vec [DEBUG   ] Learning Progress: 32.69%
2026-09-04 14:02:12,455 chemicalchecker.tool.node2vec.node2vec.Node2Vec [DEBUG   ] Learning Progress: 34.00%
2026-09-04 14:02:12,625 chemicalchecker.tool.node2vec.node2vec.Node2Vec [DEBUG   ] Learning Progress: 35.30%
2026-09-04 14:02:12,792 chemicalchecker.tool.node2vec.node2vec.Node2Vec [DEBUG   ] Learning Progress: 36.61%
2026-09-04 14:02:12,959 chemicalchecker.tool.node2vec.node2vec.Node2Vec [DEBUG   ] Learning Progress: 37.92%
2026-09-04 14:02:13,128 chemicalchecker.tool.node2vec.node2vec.Node2Vec [DEBUG   ] Learning Progress: 39.23%
2026-09-04 14:02:13,294 chemicalchecker.tool.node2vec.node2vec.Node2Vec [DEBUG   ] Learning Progress: 40.53%
2026-09-04 14:02:13,463 chemicalchecker.tool.node2vec.node2vec.Node2Vec [DEBUG   ] Learning Progress: 41.84%
2026-09-04 14:02:13,632 chemicalchecker.tool.node2vec.node2vec.Node2Vec [DEBUG   ] Learning Progress: 43.15%
2026-09-04 14:02:13,801 chemicalchecker.tool.node2vec.node2vec.Node2Vec [DEBUG   ] Learning Progress: 44.46%
2026-09-04 14:02:13,969 chemicalchecker.tool.node2vec.node2vec.Node2Vec [DEBUG   ] Learning Progress: 45.76%
2026-09-04 14:02:14,138 chemicalchecker.tool.node2vec.node2vec.Node2Vec [DEBUG   ] Learning Progress: 47.07%
2026-09-04 14:02:14,306 chemicalchecker.tool.node2vec.node2vec.Node2Vec [DEBUG   ] Learning Progress: 48.38%
2026-09-04 14:02:14,477 chemicalchecker.tool.node2vec.node2vec.Node2Vec [DEBUG   ] Learning Progress: 49.69%
2026-09-04 14:02:14,644 chemicalchecker.tool.node2vec.node2vec.Node2Vec [DEBUG   ] Learning Progress: 50.99%
2026-09-04 14:02:14,813 chemicalchecker.tool.node2vec.node2vec.Node2Vec [DEBUG   ] Learning Progress: 52.30%
2026-09-04 14:02:14,981 chemicalchecker.tool.node2vec.node2vec.Node2Vec [DEBUG   ] Learning Progress: 53.61%
2026-09-04 14:02:15,150 chemicalchecker.tool.node2vec.node2vec.Node2Vec [DEBUG   ] Learning Progress: 54.92%
2026-09-04 14:02:15,319 chemicalchecker.tool.node2vec.node2vec.Node2Vec [DEBUG   ] Learning Progress: 56.22%
2026-09-04 14:02:15,486 chemicalchecker.tool.node2vec.node2vec.Node2Vec [DEBUG   ] Learning Progress: 57.53%
2026-09-04 14:02:15,654 chemicalchecker.tool.node2vec.node2vec.Node2Vec [DEBUG   ] Learning Progress: 58.84%
2026-09-04 14:02:15,820 chemicalchecker.tool.node2vec.node2vec.Node2Vec [DEBUG   ] Learning Progress: 60.15%
2026-09-04 14:02:15,988 chemicalchecker.tool.node2vec.node2vec.Node2Vec [DEBUG   ] Learning Progress: 61.45%
2026-09-04 14:02:16,158 chemicalchecker.tool.node2vec.node2vec.Node2Vec [DEBUG   ] Learning Progress: 62.76%
2026-09-04 14:02:16,325 chemicalchecker.tool.node2vec.node2vec.Node2Vec [DEBUG   ] Learning Progress: 64.07%
2026-09-04 14:02:16,492 chemicalchecker.tool.node2vec.node2vec.Node2Vec [DEBUG   ] Learning Progress: 65.38%
2026-09-04 14:02:16,659 chemicalchecker.tool.node2vec.node2vec.Node2Vec [DEBUG   ] Learning Progress: 66.68%
2026-09-04 14:02:16,827 chemicalchecker.tool.node2vec.node2vec.Node2Vec [DEBUG   ] Learning Progress: 67.99%
2026-09-04 14:02:16,993 chemicalchecker.tool.node2vec.node2vec.Node2Vec [DEBUG   ] Learning Progress: 69.30%
2026-09-04 14:02:17,158 chemicalchecker.tool.node2vec.node2vec.Node2Vec [DEBUG   ] Learning Progress: 70.61%
2026-09-04 14:02:17,326 chemicalchecker.tool.node2vec.node2vec.Node2Vec [DEBUG   ] Learning Progress: 71.91%
2026-09-04 14:02:17,494 chemicalchecker.tool.node2vec.node2vec.Node2Vec [DEBUG   ] Learning Progress: 73.22%
2026-09-04 14:02:17,663 chemicalchecker.tool.node2vec.node2vec.Node2Vec [DEBUG   ] Learning Progress: 74.53%
2026-09-04 14:02:17,830 chemicalchecker.tool.node2vec.node2vec.Node2Vec [DEBUG   ] Learning Progress: 75.84%
2026-09-04 14:02:17,998 chemicalchecker.tool.node2vec.node2vec.Node2Vec [DEBUG   ] Learning Progress: 77.14%
2026-09-04 14:02:18,167 chemicalchecker.tool.node2vec.node2vec.Node2Vec [DEBUG   ] Learning Progress: 78.45%
2026-09-04 14:02:18,335 chemicalchecker.tool.node2vec.node2vec.Node2Vec [DEBUG   ] Learning Progress: 79.76%
2026-09-04 14:02:18,504 chemicalchecker.tool.node2vec.node2vec.Node2Vec [DEBUG   ] Learning Progress: 81.07%
2026-09-04 14:02:18,670 chemicalchecker.tool.node2vec.node2vec.Node2Vec [DEBUG   ] Learning Progress: 82.37%
2026-09-04 14:02:18,838 chemicalchecker.tool.node2vec.node2vec.Node2Vec [DEBUG   ] Learning Progress: 83.68%
2026-09-04 14:02:19,004 chemicalchecker.tool.node2vec.node2vec.Node2Vec [DEBUG   ] Learning Progress: 84.99%
2026-09-04 14:02:19,172 chemicalchecker.tool.node2vec.node2vec.Node2Vec [DEBUG   ] Learning Progress: 86.30%
2026-09-04 14:02:19,338 chemicalchecker.tool.node2vec.node2vec.Node2Vec [DEBUG   ] Learning Progress: 87.60%
2026-09-04 14:02:19,505 chemicalchecker.tool.node2vec.node2vec.Node2Vec [DEBUG   ] Learning Progress: 88.91%
2026-09-04 14:02:19,672 chemicalchecker.tool.node2vec.node2vec.Node2Vec [DEBUG   ] Learning Progress: 90.22%
2026-09-04 14:02:19,840 chemicalchecker.tool.node2vec.node2vec.Node2Vec [DEBUG   ] Learning Progress: 91.53%
2026-09-04 14:02:20,007 chemicalchecker.tool.node2vec.node2vec.Node2Vec [DEBUG   ] Learning Progress: 92.83%
2026-09-04 14:02:20,173 chemicalchecker.tool.node2vec.node2vec.Node2Vec [DEBUG   ] Learning Progress: 94.14%
2026-09-04 14:02:20,341 chemicalchecker.tool.node2vec.node2vec.Node2Vec [DEBUG   ] Learning Progress: 95.45%
2026-09-04 14:02:20,508 chemicalchecker.tool.node2vec.node2vec.Node2Vec [DEBUG   ] Learning Progress: 96.76%
2026-09-04 14:02:20,675 chemicalchecker.tool.node2vec.node2vec.Node2Vec [DEBUG   ] Learning Progress: 98.06%
2026-09-04 14:02:20,756 chemicalchecker.tool.node2vec.node2vec.Node2Vec [DEBUG   ] Learning Progress: 99.37%
2026-09-04 14:02:20,796 chemicalchecker.tool.node2vec.node2vec.Node2Vec [DEBUG   ] 
2026-09-04 14:02:20,803 chemicalchecker.tool.node2vec.node2vec.Node2Vec [INFO    ] Converting /scratch/sbnb/sayala/protocols/local_CC_D6/reference/D/D6/D6.007/sign2/models/node2vec/n2v.emb to /scratch/sbnb/sayala/protocols/local_CC_D6/reference/D/D6/D6.007/sign2/sign2.h5
2026-09-04 14:02:20,804 chemicalchecker.tool.node2vec.node2vec.Node2Vec [INFO    ] words: 956 features: 128
2026-09-04 14:02:20,882 chemicalchecker.core.signature_data.DataSignature [DEBUG   ] Fetching dataset V
  0%|          | 0/956 [00:00<?, ?it/s] 47%|████▋     | 451/956 [00:00<00:00, 4503.75it/s] 99%|█████████▉| 948/956 [00:00<00:00, 4775.47it/s]100%|██████████| 956/956 [00:00<00:00, 4727.40it/s]
2026-09-04 14:02:21,089 chemicalchecker.util.performance.linkprediction.LinkPrediction [INFO    ] y_positive cases 2868 : min 0.30 1st 0.75 2nd 0.86, 3rd 0.95 max 1.00
2026-09-04 14:02:21,090 chemicalchecker.util.performance.linkprediction.LinkPrediction [INFO    ] y_negative cases 2868 : min 0.07 1st 0.33 2nd 0.44, 3rd 0.57 max 1.00
2026-09-04 14:02:21,136 chemicalchecker.util.plot.plot.Plot [DEBUG   ] Plots for D6.007 saved to /scratch/sbnb/sayala/protocols/local_CC_D6/reference/D/D6/D6.007/sign2/stats
2026-09-04 14:02:21,137 chemicalchecker.util.config.config.Config [DEBUG   ] Loading config from: /scratch/sbnb/sayala/chemical_checker/setup/cc_config.json
2026-09-04 14:02:21,140 chemicalchecker.core.signature_data.DataSignature [DEBUG   ] Fetching dataset V
2026-09-04 14:02:21,568 chemicalchecker.core.signature_base.BaseSignature [INFO    ] STATUS: Generating `full` molset
2026-09-04 14:02:21,569 chemicalchecker.core.chemcheck.ChemicalChecker [DEBUG   ] ChemicalChecker with root: /scratch/sbnb/sayala/protocols/local_CC_D6
2026-09-04 14:02:21,597 chemicalchecker.core.signature_base.BaseSignature [DEBUG   ] Loading signature: /scratch/sbnb/sayala/protocols/local_CC_D6/full/D/D6/D6.007/sign1
2026-09-04 14:02:21,598 chemicalchecker.core.signature_base.BaseSignature [DEBUG   ] Loading signature: /scratch/sbnb/sayala/protocols/local_CC_D6/full/D/D6/D6.007/sign2
2026-09-04 14:02:21,598 chemicalchecker.core.signature_base.BaseSignature [DEBUG   ] Loading signature: /scratch/sbnb/sayala/protocols/local_CC_D6/reference/D/D6/D6.007/sign1
2026-09-04 14:02:21,599 chemicalchecker.core.signature_base.BaseSignature [DEBUG   ] Loading signature: /scratch/sbnb/sayala/protocols/local_CC_D6/reference/D/D6/D6.007/sign2
2026-09-04 14:02:21,599 chemicalchecker.core.signature_base.BaseSignature [DEBUG   ] Loading signature: /scratch/sbnb/sayala/protocols/local_CC_D6/full/D/D6/D6.007/sign2
2026-09-04 14:02:21,601 chemicalchecker.core.signature_data.DataSignature [DEBUG   ] Fetching dataset mappings
2026-09-04 14:02:21,611 chemicalchecker.core.signature_base.BaseSignature [INFO    ] STATUS: Background distances
2026-09-04 14:02:21,612 chemicalchecker.core.signature_data.DataSignature [INFO    ] Background distances not available, computing them.
2026-09-04 14:02:21,617 chemicalchecker.core.signature_data.DataSignature [INFO    ] Background distances sample_pairs: 75210
2026-09-04 14:02:24,325 chemicalchecker.core.signature_data.DataSignature [INFO    ] Background distances not available, computing them.
2026-09-04 14:02:24,326 chemicalchecker.core.signature_data.DataSignature [INFO    ] Background distances sample_pairs: 75210
2026-09-04 14:02:25,576 chemicalchecker.core.signature_base.BaseSignature [INFO    ] STATUS: Validation
2026-09-04 14:02:25,577 chemicalchecker.core.signature_base.BaseSignature [WARNING ] Standard validation path does not exist, taking validations from examples
2026-09-04 14:02:25,578 chemicalchecker.core.signature_base.BaseSignature [INFO    ] /scratch/sbnb/sayala/chemical_checker/package/chemicalchecker/core/examples/validation_sets/
2026-09-04 14:02:25,578 chemicalchecker.util.plot.plot.Plot [DEBUG   ] Plots for D6.007 saved to /scratch/sbnb/sayala/protocols/local_CC_D6/reference/D/D6/D6.007/sign2/stats
2026-09-04 14:02:25,578 chemicalchecker.util.plot.plot.Plot [INFO    ] MOA Validation
2026-09-04 14:02:25,652 chemicalchecker.util.plot.plot.Plot [INFO    ] MOA concerns 2707 molecules
2026-09-04 14:02:25,653 chemicalchecker.util.plot.plot.Plot [INFO    ] 54019 pairs with SAME MOA
2026-09-04 14:02:25,653 chemicalchecker.util.plot.plot.Plot [INFO    ] 54019 pairs with DIFFERENT MOA
2026-09-04 14:02:25,653 chemicalchecker.util.plot.plot.Plot [INFO    ] shares with signature 374 molecules
2026-09-04 14:02:25,654 chemicalchecker.core.signature_data.DataSignature [DEBUG   ] Fetching 374 rows from dataset V
2026-09-04 14:02:25,670 chemicalchecker.util.plot.plot.Plot [INFO    ] 907 shared pairs with SAME MOA
2026-09-04 14:02:25,671 chemicalchecker.util.plot.plot.Plot [INFO    ] 1006 shared pairs with DIFFERENT MOA
2026-09-04 14:02:26,458 chemicalchecker.util.plot.plot.Plot [INFO    ] ATC Validation
2026-09-04 14:02:26,560 chemicalchecker.util.plot.plot.Plot [INFO    ] ATC concerns 2934 molecules
2026-09-04 14:02:26,560 chemicalchecker.util.plot.plot.Plot [INFO    ] 70314 pairs with SAME ATC
2026-09-04 14:02:26,561 chemicalchecker.util.plot.plot.Plot [INFO    ] 70314 pairs with DIFFERENT ATC
2026-09-04 14:02:26,561 chemicalchecker.util.plot.plot.Plot [INFO    ] shares with signature 259 molecules
2026-09-04 14:02:26,561 chemicalchecker.core.signature_data.DataSignature [DEBUG   ] Fetching 259 rows from dataset V
2026-09-04 14:02:26,588 chemicalchecker.util.plot.plot.Plot [INFO    ] 1487 shared pairs with SAME ATC
2026-09-04 14:02:26,588 chemicalchecker.util.plot.plot.Plot [INFO    ] 524 shared pairs with DIFFERENT ATC
2026-09-04 14:02:27,793 chemicalchecker.core.signature_base.BaseSignature [DEBUG   ] Mark as ready
2026-09-04 14:02:27,794 chemicalchecker.core.signature_base.BaseSignature [DEBUG   ] Loading signature: /scratch/sbnb/sayala/protocols/local_CC_D6/reference/D/D6/D6.007/sign2
2026-09-04 14:02:27,795 chemicalchecker.core.signature_base.BaseSignature [INFO    ] STATUS: Validation reference
2026-09-04 14:02:27,798 chemicalchecker.core.signature_base.BaseSignature [WARNING ] Standard validation path does not exist, taking validations from examples
2026-09-04 14:02:27,798 chemicalchecker.core.signature_base.BaseSignature [INFO    ] /scratch/sbnb/sayala/chemical_checker/package/chemicalchecker/core/examples/validation_sets/
2026-09-04 14:02:27,799 chemicalchecker.util.plot.plot.Plot [DEBUG   ] Plots for D6.007 saved to /scratch/sbnb/sayala/protocols/local_CC_D6/reference/D/D6/D6.007/sign2/stats
2026-09-04 14:02:27,799 chemicalchecker.util.plot.plot.Plot [INFO    ] MOA Validation
2026-09-04 14:02:27,874 chemicalchecker.util.plot.plot.Plot [INFO    ] MOA concerns 2707 molecules
2026-09-04 14:02:27,874 chemicalchecker.util.plot.plot.Plot [INFO    ] 54019 pairs with SAME MOA
2026-09-04 14:02:27,874 chemicalchecker.util.plot.plot.Plot [INFO    ] 54019 pairs with DIFFERENT MOA
2026-09-04 14:02:27,875 chemicalchecker.util.plot.plot.Plot [INFO    ] shares with signature 374 molecules
2026-09-04 14:02:27,875 chemicalchecker.core.signature_data.DataSignature [DEBUG   ] Fetching 374 rows from dataset V
2026-09-04 14:02:27,895 chemicalchecker.util.plot.plot.Plot [INFO    ] 907 shared pairs with SAME MOA
2026-09-04 14:02:27,895 chemicalchecker.util.plot.plot.Plot [INFO    ] 1006 shared pairs with DIFFERENT MOA
2026-09-04 14:02:28,698 chemicalchecker.util.plot.plot.Plot [INFO    ] ATC Validation
2026-09-04 14:02:28,801 chemicalchecker.util.plot.plot.Plot [INFO    ] ATC concerns 2934 molecules
2026-09-04 14:02:28,801 chemicalchecker.util.plot.plot.Plot [INFO    ] 70314 pairs with SAME ATC
2026-09-04 14:02:28,801 chemicalchecker.util.plot.plot.Plot [INFO    ] 70314 pairs with DIFFERENT ATC
2026-09-04 14:02:28,801 chemicalchecker.util.plot.plot.Plot [INFO    ] shares with signature 259 molecules
2026-09-04 14:02:28,801 chemicalchecker.core.signature_data.DataSignature [DEBUG   ] Fetching 259 rows from dataset V
2026-09-04 14:02:28,829 chemicalchecker.util.plot.plot.Plot [INFO    ] 1487 shared pairs with SAME ATC
2026-09-04 14:02:28,830 chemicalchecker.util.plot.plot.Plot [INFO    ] 524 shared pairs with DIFFERENT ATC
2026-09-04 14:02:29,735 chemicalchecker.core.signature_base.BaseSignature [INFO    ] STATUS: FIT END
2026-09-04 14:02:29,737 chemicalchecker.core.chemcheck.ChemicalChecker [DEBUG   ] ChemicalChecker with root: /scratch/sbnb/sayala/protocols/local_CC_D6
2026-09-04 14:02:29,764 chemicalchecker.core.diagnostics.Diagnosis [DEBUG   ] Computing or retrieving data for canvas small.
2026-09-04 14:02:29,764 chemicalchecker.core.diagnostics.Diagnosis [DEBUG   ] Skipping the following plots: []
2026-09-04 14:02:29,764 chemicalchecker.core.diagnostics.Diagnosis [DEBUG   ] Cosine distances
2026-09-04 14:02:29,764 chemicalchecker.core.diagnostics.Diagnosis [DEBUG   ] Subsampling signature
2026-09-04 14:02:29,768 chemicalchecker.core.signature_data.DataSignature [DEBUG   ] Full dataset sampled (n=956)
2026-09-04 14:02:29,768 chemicalchecker.core.signature_data.DataSignature [DEBUG   ] Fetching dataset V
2026-09-04 14:02:29,771 chemicalchecker.core.diagnostics.Diagnosis [DEBUG   ] Saving signature subsample /scratch/sbnb/sayala/protocols/local_CC_D6/full/D/D6/D6.007/sign2/diags/local_CC_D6_sign2/subsampled_data.pkl
2026-09-04 14:02:29,774 chemicalchecker.core.diagnostics.Diagnosis [DEBUG   ] Euclidean distances
2026-09-04 14:02:29,777 chemicalchecker.core.diagnostics.Diagnosis [DEBUG   ] Projection
2026-09-04 14:02:29,777 chemicalchecker.core.diagnostics.Diagnosis [DEBUG   ] Fit-transforming t-SNE
2026-09-04 14:02:29,777 chemicalchecker.core.diagnostics.Diagnosis [DEBUG   ] First doing a PCA
2026-09-04 14:02:30,020 chemicalchecker.core.diagnostics.Diagnosis [DEBUG   ] Chosen perplexity 30
2026-09-04 14:02:32,822 chemicalchecker.core.diagnostics.Diagnosis [DEBUG   ] Image
2026-09-04 14:02:32,823 chemicalchecker.core.diagnostics.Diagnosis [DEBUG   ] Features bins
2026-09-04 14:02:32,843 chemicalchecker.core.diagnostics.Diagnosis [DEBUG   ] Keys bins
2026-09-04 14:02:32,893 chemicalchecker.core.diagnostics.Diagnosis [DEBUG   ] Values
2026-09-04 14:02:33,043 chemicalchecker.core.diagnostics.Diagnosis [DEBUG   ] Redundancy
2026-09-04 14:02:33,044 chemicalchecker.core.diagnostics.Diagnosis [DEBUG   ] Removing near duplicates
2026-09-04 14:02:33,044 chemicalchecker.util.remove_near_duplicates.remove_near_duplicates.RNDuplicates [DEBUG   ] RNDuplicates to use 128 bits
2026-09-04 14:02:33,044 chemicalchecker.util.remove_near_duplicates.remove_near_duplicates.RNDuplicates [INFO    ] Removing near duplicates.
2026-09-04 14:02:33,044 chemicalchecker.util.remove_near_duplicates.remove_near_duplicates.RNDuplicates [DEBUG   ] Data input is: /scratch/sbnb/sayala/protocols/local_CC_D6/full/D/D6/D6.007/sign2/sign2.h5
2026-09-04 14:02:33,048 chemicalchecker.util.remove_near_duplicates.remove_near_duplicates.RNDuplicates [INFO    ] Size before removing: 956
2026-09-04 14:02:33,058 chemicalchecker.util.remove_near_duplicates.remove_near_duplicates.RNDuplicates [INFO    ] Size after removing: 951
2026-09-04 14:02:33,064 chemicalchecker.util.plot.diagnosticsplot.DiagnosisPlot [DEBUG   ] Plotting Canvas small
2026-09-04 14:02:33,298 chemicalchecker.core.diagnostics.Diagnosis [DEBUG   ] Saving plot to: /scratch/sbnb/sayala/protocols/local_CC_D6/full/D/D6/D6.007/sign2/diags/local_CC_D6_sign2/D6.007_sign2_local_CC_D6_sign2_small.png
2026-09-04 14:02:34,398 chemicalchecker.core.signature_base.BaseSignature [DEBUG   ] Loading signature: /scratch/sbnb/sayala/protocols/local_CC_D6/full/D/D6/D6.007/sign3
2026-09-04 14:02:34,399 chemicalchecker.core.signature_base.BaseSignature [DEBUG   ] Loading signature: /scratch/sbnb/sayala/protocols/local_CC_D6/full/D/D6/D6.007/sign1
2026-09-04 14:02:34,400 chemicalchecker.core.signature_base.BaseSignature [DEBUG   ] Loading signature: /scratch/sbnb/sayala/protocols/local_CC_D6/reference/D/D6/D6.007/sign1
2026-09-04 14:02:34,400 chemicalchecker.core.signature_base.BaseSignature [DEBUG   ] Loading signature: /scratch/sbnb/sayala/protocols/local_CC_D6/reference/D/D6/D6.007/sign1
2026-09-04 14:02:34,401 chemicalchecker.core.sign1.sign1 [DEBUG   ] Reading triplets
2026-09-04 14:02:34,401 chemicalchecker.core.signature_base.BaseSignature [DEBUG   ] Loading signature: /scratch/sbnb/sayala/protocols/local_CC_D6/reference/D/D6/D6.007/sign1
2026-09-04 14:02:34,401 chemicalchecker.core.sign1.sign1 [DEBUG   ] No triplets were found. Returning 
2026-09-04 14:02:34,402 chemicalchecker.core.signature_base.BaseSignature [DEBUG   ] Loading signature: /scratch/sbnb/sayala/protocols/local_CC_D6/full/A/A1/A1.001/sign2
2026-09-04 14:02:34,402 chemicalchecker.core.signature_base.BaseSignature [DEBUG   ] Loading signature: /scratch/sbnb/sayala/protocols/local_CC_D6/full/A/A2/A2.001/sign2
2026-09-04 14:02:34,403 chemicalchecker.core.signature_base.BaseSignature [DEBUG   ] Loading signature: /scratch/sbnb/sayala/protocols/local_CC_D6/full/A/A3/A3.001/sign2
2026-09-04 14:02:34,404 chemicalchecker.core.signature_base.BaseSignature [DEBUG   ] Loading signature: /scratch/sbnb/sayala/protocols/local_CC_D6/full/A/A4/A4.001/sign2
2026-09-04 14:02:34,404 chemicalchecker.core.signature_base.BaseSignature [DEBUG   ] Loading signature: /scratch/sbnb/sayala/protocols/local_CC_D6/full/A/A5/A5.001/sign2
2026-09-04 14:02:34,405 chemicalchecker.core.signature_base.BaseSignature [DEBUG   ] Loading signature: /scratch/sbnb/sayala/protocols/local_CC_D6/full/B/B1/B1.001/sign2
2026-09-04 14:02:34,406 chemicalchecker.core.signature_base.BaseSignature [DEBUG   ] Loading signature: /scratch/sbnb/sayala/protocols/local_CC_D6/full/B/B2/B2.001/sign2
2026-09-04 14:02:34,406 chemicalchecker.core.signature_base.BaseSignature [DEBUG   ] Loading signature: /scratch/sbnb/sayala/protocols/local_CC_D6/full/B/B3/B3.001/sign2
2026-09-04 14:02:34,407 chemicalchecker.core.signature_base.BaseSignature [DEBUG   ] Loading signature: /scratch/sbnb/sayala/protocols/local_CC_D6/full/B/B4/B4.001/sign2
2026-09-04 14:02:34,408 chemicalchecker.core.signature_base.BaseSignature [DEBUG   ] Loading signature: /scratch/sbnb/sayala/protocols/local_CC_D6/full/B/B5/B5.001/sign2
2026-09-04 14:02:34,408 chemicalchecker.core.signature_base.BaseSignature [DEBUG   ] Loading signature: /scratch/sbnb/sayala/protocols/local_CC_D6/full/C/C1/C1.001/sign2
2026-09-04 14:02:34,409 chemicalchecker.core.signature_base.BaseSignature [DEBUG   ] Loading signature: /scratch/sbnb/sayala/protocols/local_CC_D6/full/C/C2/C2.001/sign2
2026-09-04 14:02:34,410 chemicalchecker.core.signature_base.BaseSignature [DEBUG   ] Loading signature: /scratch/sbnb/sayala/protocols/local_CC_D6/full/C/C3/C3.001/sign2
2026-09-04 14:02:34,410 chemicalchecker.core.signature_base.BaseSignature [DEBUG   ] Loading signature: /scratch/sbnb/sayala/protocols/local_CC_D6/full/C/C4/C4.001/sign2
2026-09-04 14:02:34,411 chemicalchecker.core.signature_base.BaseSignature [DEBUG   ] Loading signature: /scratch/sbnb/sayala/protocols/local_CC_D6/full/C/C5/C5.001/sign2
2026-09-04 14:02:34,411 chemicalchecker.core.signature_base.BaseSignature [DEBUG   ] Loading signature: /scratch/sbnb/sayala/protocols/local_CC_D6/full/D/D1/D1.001/sign2
2026-09-04 14:02:34,412 chemicalchecker.core.signature_base.BaseSignature [DEBUG   ] Loading signature: /scratch/sbnb/sayala/protocols/local_CC_D6/full/D/D2/D2.001/sign2
2026-09-04 14:02:34,413 chemicalchecker.core.signature_base.BaseSignature [DEBUG   ] Loading signature: /scratch/sbnb/sayala/protocols/local_CC_D6/full/D/D3/D3.001/sign2
2026-09-04 14:02:34,413 chemicalchecker.core.signature_base.BaseSignature [DEBUG   ] Loading signature: /scratch/sbnb/sayala/protocols/local_CC_D6/full/D/D4/D4.001/sign2
2026-09-04 14:02:34,414 chemicalchecker.core.signature_base.BaseSignature [DEBUG   ] Loading signature: /scratch/sbnb/sayala/protocols/local_CC_D6/full/D/D5/D5.001/sign2
2026-09-04 14:02:34,415 chemicalchecker.core.signature_base.BaseSignature [DEBUG   ] Loading signature: /scratch/sbnb/sayala/protocols/local_CC_D6/full/E/E1/E1.001/sign2
2026-09-04 14:02:34,415 chemicalchecker.core.signature_base.BaseSignature [DEBUG   ] Loading signature: /scratch/sbnb/sayala/protocols/local_CC_D6/full/E/E2/E2.001/sign2
2026-09-04 14:02:34,416 chemicalchecker.core.signature_base.BaseSignature [DEBUG   ] Loading signature: /scratch/sbnb/sayala/protocols/local_CC_D6/full/E/E3/E3.001/sign2
2026-09-04 14:02:34,416 chemicalchecker.core.signature_base.BaseSignature [DEBUG   ] Loading signature: /scratch/sbnb/sayala/protocols/local_CC_D6/full/E/E4/E4.001/sign2
2026-09-04 14:02:34,417 chemicalchecker.core.signature_base.BaseSignature [DEBUG   ] Loading signature: /scratch/sbnb/sayala/protocols/local_CC_D6/full/E/E5/E5.001/sign2
2026-09-04 14:02:34,417 chemicalchecker.core.signature_base.BaseSignature [DEBUG   ] Loading signature: /scratch/sbnb/sayala/protocols/local_CC_D6/full/D/D6/D6.007/sign2
2026-09-04 14:02:34,418 chemicalchecker.core.signature_base.BaseSignature [DEBUG   ] New signature: /scratch/sbnb/sayala/protocols/local_CC_D6/reference/D/D6/D6.007/sign3
2026-09-04 14:02:34,420 chemicalchecker.core.signature_base.BaseSignature [DEBUG   ] Loading signature: /scratch/sbnb/sayala/protocols/local_CC_D6/reference/D/D6/D6.007/sign1
2026-09-04 14:02:34,420 chemicalchecker.core.signature_base.BaseSignature [DEBUG   ] Loading signature: /scratch/sbnb/sayala/protocols/local_CC_D6/reference/D/D6/D6.007/sign1
2026-09-04 14:02:34,421 chemicalchecker.core.signature_base.BaseSignature [DEBUG   ] Loading signature: /scratch/sbnb/sayala/protocols/local_CC_D6/reference/D/D6/D6.007/sign1
2026-09-04 14:02:34,421 chemicalchecker.core.sign1.sign1 [DEBUG   ] Reading triplets
2026-09-04 14:02:34,421 chemicalchecker.core.signature_base.BaseSignature [DEBUG   ] Loading signature: /scratch/sbnb/sayala/protocols/local_CC_D6/reference/D/D6/D6.007/sign1
2026-09-04 14:02:34,421 chemicalchecker.core.sign1.sign1 [DEBUG   ] No triplets were found. Returning 
2026-09-04 14:02:34,422 chemicalchecker.core.signature_base.BaseSignature [DEBUG   ] Clearing signature /scratch/sbnb/sayala/protocols/local_CC_D6/reference/D/D6/D6.007/sign3
2026-09-04 14:02:34,424 chemicalchecker.core.signature_base.BaseSignature [DEBUG   ] Loading signature: /scratch/sbnb/sayala/protocols/local_CC_D6/full/D/D6/D6.007/sign3
2026-09-04 14:02:34,424 chemicalchecker.core.signature_base.BaseSignature [DEBUG   ] Loading signature: /scratch/sbnb/sayala/protocols/local_CC_D6/full/D/D6/D6.007/sign1
2026-09-04 14:02:34,424 chemicalchecker.core.signature_base.BaseSignature [DEBUG   ] Loading signature: /scratch/sbnb/sayala/protocols/local_CC_D6/reference/D/D6/D6.007/sign1
2026-09-04 14:02:34,424 chemicalchecker.core.signature_base.BaseSignature [DEBUG   ] Loading signature: /scratch/sbnb/sayala/protocols/local_CC_D6/reference/D/D6/D6.007/sign1
2026-09-04 14:02:34,425 chemicalchecker.core.sign1.sign1 [DEBUG   ] Reading triplets
2026-09-04 14:02:34,425 chemicalchecker.core.signature_base.BaseSignature [DEBUG   ] Loading signature: /scratch/sbnb/sayala/protocols/local_CC_D6/reference/D/D6/D6.007/sign1
2026-09-04 14:02:34,425 chemicalchecker.core.sign1.sign1 [DEBUG   ] No triplets were found. Returning 
2026-09-04 14:02:34,425 chemicalchecker.core.signature_base.BaseSignature [DEBUG   ] Clearing signature /scratch/sbnb/sayala/protocols/local_CC_D6/full/D/D6/D6.007/sign3
2026-09-04 14:02:34,428 chemicalchecker.core.signature_base.BaseSignature [INFO    ] STATUS: FIT START
2026-09-04 14:02:34,429 chemicalchecker.core.signature_base.BaseSignature [INFO    ] STATUS: Getting data
2026-09-04 14:02:34,430 chemicalchecker.core.chemcheck.ChemicalChecker [DEBUG   ] ChemicalChecker with root: /scratch/sbnb/sayala/protocols/local_CC_D6
2026-09-04 14:02:34,450 chemicalchecker.core.sign3.sign3 [INFO    ] Generating signature 2 coverage matrix.
2026-09-04 14:02:43,586 chemicalchecker.core.sign3.sign3 [INFO    ] Saving coverage for 26 dataset and 1230715 molecules.
2026-09-04 14:02:44,034 chemicalchecker.core.sign3.sign3 [INFO    ] Fetching from /scratch/sbnb/sayala/protocols/local_CC_D6/full/A/A1/A1.001/sign2/sign2.h5
2026-09-04 14:02:44,965 chemicalchecker.core.sign3.sign3 [INFO    ] A1.001 has 1230662 Signature 2.
2026-09-04 14:02:45,496 chemicalchecker.core.sign3.sign3 [INFO    ] Fetching from /scratch/sbnb/sayala/protocols/local_CC_D6/full/A/A2/A2.001/sign2/sign2.h5
2026-09-04 14:02:46,535 chemicalchecker.core.sign3.sign3 [INFO    ] A2.001 has 1082777 Signature 2.
2026-09-04 14:02:47,536 chemicalchecker.core.sign3.sign3 [INFO    ] Fetching from /scratch/sbnb/sayala/protocols/local_CC_D6/full/A/A3/A3.001/sign2/sign2.h5
2026-09-04 14:02:48,640 chemicalchecker.core.sign3.sign3 [INFO    ] A3.001 has 1211602 Signature 2.
2026-09-04 14:02:49,625 chemicalchecker.core.sign3.sign3 [INFO    ] Fetching from /scratch/sbnb/sayala/protocols/local_CC_D6/full/A/A4/A4.001/sign2/sign2.h5
2026-09-04 14:02:50,725 chemicalchecker.core.sign3.sign3 [INFO    ] A4.001 has 1198248 Signature 2.
2026-09-04 14:02:51,724 chemicalchecker.core.sign3.sign3 [INFO    ] Fetching from /scratch/sbnb/sayala/protocols/local_CC_D6/full/A/A5/A5.001/sign2/sign2.h5
2026-09-04 14:02:52,850 chemicalchecker.core.sign3.sign3 [INFO    ] A5.001 has 1230664 Signature 2.
2026-09-04 14:02:53,861 chemicalchecker.core.sign3.sign3 [INFO    ] Fetching from /scratch/sbnb/sayala/protocols/local_CC_D6/full/B/B1/B1.001/sign2/sign2.h5
2026-09-04 14:02:54,279 chemicalchecker.core.sign3.sign3 [INFO    ] B1.001 has 4535 Signature 2.
2026-09-04 14:02:55,293 chemicalchecker.core.sign3.sign3 [INFO    ] Fetching from /scratch/sbnb/sayala/protocols/local_CC_D6/full/B/B2/B2.001/sign2/sign2.h5
2026-09-04 14:02:55,710 chemicalchecker.core.sign3.sign3 [INFO    ] B2.001 has 1761 Signature 2.
2026-09-04 14:02:56,716 chemicalchecker.core.sign3.sign3 [INFO    ] Fetching from /scratch/sbnb/sayala/protocols/local_CC_D6/full/B/B3/B3.001/sign2/sign2.h5
2026-09-04 14:02:57,155 chemicalchecker.core.sign3.sign3 [INFO    ] B3.001 has 33524 Signature 2.
2026-09-04 14:02:58,141 chemicalchecker.core.sign3.sign3 [INFO    ] Fetching from /scratch/sbnb/sayala/protocols/local_CC_D6/full/B/B4/B4.001/sign2/sign2.h5
2026-09-04 14:02:59,043 chemicalchecker.core.sign3.sign3 [INFO    ] B4.001 has 829123 Signature 2.
2026-09-04 14:03:00,044 chemicalchecker.core.sign3.sign3 [INFO    ] Fetching from /scratch/sbnb/sayala/protocols/local_CC_D6/full/B/B5/B5.001/sign2/sign2.h5
2026-09-04 14:03:00,744 chemicalchecker.core.sign3.sign3 [INFO    ] B5.001 has 477401 Signature 2.
2026-09-04 14:03:01,724 chemicalchecker.core.sign3.sign3 [INFO    ] Fetching from /scratch/sbnb/sayala/protocols/local_CC_D6/full/C/C1/C1.001/sign2/sign2.h5
2026-09-04 14:03:02,156 chemicalchecker.core.sign3.sign3 [INFO    ] C1.001 has 25911 Signature 2.
2026-09-04 14:03:03,145 chemicalchecker.core.sign3.sign3 [INFO    ] Fetching from /scratch/sbnb/sayala/protocols/local_CC_D6/full/C/C2/C2.001/sign2/sign2.h5
2026-09-04 14:03:03,562 chemicalchecker.core.sign3.sign3 [INFO    ] C2.001 has 2176 Signature 2.
2026-09-04 14:03:04,538 chemicalchecker.core.sign3.sign3 [INFO    ] Fetching from /scratch/sbnb/sayala/protocols/local_CC_D6/full/C/C3/C3.001/sign2/sign2.h5
2026-09-04 14:03:05,349 chemicalchecker.core.sign3.sign3 [INFO    ] C3.001 has 674814 Signature 2.
2026-09-04 14:03:06,306 chemicalchecker.core.sign3.sign3 [INFO    ] Fetching from /scratch/sbnb/sayala/protocols/local_CC_D6/full/C/C4/C4.001/sign2/sign2.h5
2026-09-04 14:03:07,126 chemicalchecker.core.sign3.sign3 [INFO    ] C4.001 has 688015 Signature 2.
2026-09-04 14:03:08,090 chemicalchecker.core.sign3.sign3 [INFO    ] Fetching from /scratch/sbnb/sayala/protocols/local_CC_D6/full/C/C5/C5.001/sign2/sign2.h5
2026-09-04 14:03:08,913 chemicalchecker.core.sign3.sign3 [INFO    ] C5.001 has 690392 Signature 2.
2026-09-04 14:03:09,873 chemicalchecker.core.sign3.sign3 [INFO    ] Fetching from /scratch/sbnb/sayala/protocols/local_CC_D6/full/D/D1/D1.001/sign2/sign2.h5
2026-09-04 14:03:10,296 chemicalchecker.core.sign3.sign3 [INFO    ] D1.001 has 14098 Signature 2.
2026-09-04 14:03:11,286 chemicalchecker.core.sign3.sign3 [INFO    ] Fetching from /scratch/sbnb/sayala/protocols/local_CC_D6/full/D/D2/D2.001/sign2/sign2.h5
2026-09-04 14:03:11,714 chemicalchecker.core.sign3.sign3 [INFO    ] D2.001 has 19299 Signature 2.
2026-09-04 14:03:12,694 chemicalchecker.core.sign3.sign3 [INFO    ] Fetching from /scratch/sbnb/sayala/protocols/local_CC_D6/full/D/D3/D3.001/sign2/sign2.h5
2026-09-04 14:03:13,110 chemicalchecker.core.sign3.sign3 [INFO    ] D3.001 has 3596 Signature 2.
2026-09-04 14:03:14,082 chemicalchecker.core.sign3.sign3 [INFO    ] Fetching from /scratch/sbnb/sayala/protocols/local_CC_D6/full/D/D4/D4.001/sign2/sign2.h5
2026-09-04 14:03:14,511 chemicalchecker.core.sign3.sign3 [INFO    ] D4.001 has 12078 Signature 2.
2026-09-04 14:03:15,489 chemicalchecker.core.sign3.sign3 [INFO    ] Fetching from /scratch/sbnb/sayala/protocols/local_CC_D6/full/D/D5/D5.001/sign2/sign2.h5
2026-09-04 14:03:15,937 chemicalchecker.core.sign3.sign3 [INFO    ] D5.001 has 47019 Signature 2.
2026-09-04 14:03:16,914 chemicalchecker.core.sign3.sign3 [INFO    ] Fetching from /scratch/sbnb/sayala/protocols/local_CC_D6/full/E/E1/E1.001/sign2/sign2.h5
2026-09-04 14:03:17,331 chemicalchecker.core.sign3.sign3 [INFO    ] E1.001 has 5272 Signature 2.
2026-09-04 14:03:18,303 chemicalchecker.core.sign3.sign3 [INFO    ] Fetching from /scratch/sbnb/sayala/protocols/local_CC_D6/full/E/E2/E2.001/sign2/sign2.h5
2026-09-04 14:03:18,721 chemicalchecker.core.sign3.sign3 [INFO    ] E2.001 has 6292 Signature 2.
2026-09-04 14:03:19,703 chemicalchecker.core.sign3.sign3 [INFO    ] Fetching from /scratch/sbnb/sayala/protocols/local_CC_D6/full/E/E3/E3.001/sign2/sign2.h5
2026-09-04 14:03:20,119 chemicalchecker.core.sign3.sign3 [INFO    ] E3.001 has 1443 Signature 2.
2026-09-04 14:03:21,097 chemicalchecker.core.sign3.sign3 [INFO    ] Fetching from /scratch/sbnb/sayala/protocols/local_CC_D6/full/E/E4/E4.001/sign2/sign2.h5
2026-09-04 14:03:21,516 chemicalchecker.core.sign3.sign3 [INFO    ] E4.001 has 8544 Signature 2.
2026-09-04 14:03:22,481 chemicalchecker.core.sign3.sign3 [INFO    ] Fetching from /scratch/sbnb/sayala/protocols/local_CC_D6/full/E/E5/E5.001/sign2/sign2.h5
2026-09-04 14:03:22,896 chemicalchecker.core.sign3.sign3 [INFO    ] E5.001 has 3578 Signature 2.
2026-09-04 14:03:23,875 chemicalchecker.core.sign3.sign3 [INFO    ] Fetching from /scratch/sbnb/sayala/protocols/local_CC_D6/full/D/D6/D6.007/sign2/sign2.h5
2026-09-04 14:03:24,289 chemicalchecker.core.sign3.sign3 [INFO    ] D6.007 has 956 Signature 2.
2026-09-04 14:03:25,272 chemicalchecker.core.sign3.sign3 [DEBUG   ] Siamese fit D6.007 based on ['A1.001', 'A2.001', 'A3.001', 'A4.001', 'A5.001', 'B1.001', 'B2.001', 'B3.001', 'B4.001', 'B5.001', 'C1.001', 'C2.001', 'C3.001', 'C4.001', 'C5.001', 'D1.001', 'D2.001', 'D3.001', 'D4.001', 'D5.001', 'E1.001', 'E2.001', 'E3.001', 'E4.001', 'E5.001', 'D6.007']
2026-09-04 14:03:25,272 chemicalchecker.core.sign3.sign3 [INFO    ] Generating signature 2 universe matrix.
2026-09-04 14:03:28,504 chemicalchecker.core.sign3.sign3 [INFO    ] Fetching from /scratch/sbnb/sayala/protocols/local_CC_D6/full/A/A1/A1.001/sign2/sign2.h5
2026-09-04 14:03:28,504 chemicalchecker.core.signature_data.DataSignature [DEBUG   ] Fetching 1230715 rows from dataset V
2026-09-04 14:03:35,276 chemicalchecker.core.signature_data.DataSignature [INFO    ] NaN for 53 requested keys as are not available.
2026-09-04 14:04:36,645 chemicalchecker.core.sign3.sign3 [INFO    ] Fetching from /scratch/sbnb/sayala/protocols/local_CC_D6/full/A/A2/A2.001/sign2/sign2.h5
2026-09-04 14:04:36,646 chemicalchecker.core.signature_data.DataSignature [DEBUG   ] Fetching 1230715 rows from dataset V
2026-09-04 14:04:47,282 chemicalchecker.core.signature_data.DataSignature [INFO    ] NaN for 147938 requested keys as are not available.
2026-09-04 14:06:46,332 chemicalchecker.core.sign3.sign3 [INFO    ] Fetching from /scratch/sbnb/sayala/protocols/local_CC_D6/full/A/A3/A3.001/sign2/sign2.h5
2026-09-04 14:06:46,333 chemicalchecker.core.signature_data.DataSignature [DEBUG   ] Fetching 1230715 rows from dataset V
2026-09-04 14:06:53,875 chemicalchecker.core.signature_data.DataSignature [INFO    ] NaN for 19113 requested keys as are not available.
2026-09-04 14:09:00,314 chemicalchecker.core.sign3.sign3 [INFO    ] Fetching from /scratch/sbnb/sayala/protocols/local_CC_D6/full/A/A4/A4.001/sign2/sign2.h5
2026-09-04 14:09:00,332 chemicalchecker.core.signature_data.DataSignature [DEBUG   ] Fetching 1230715 rows from dataset V
2026-09-04 14:09:11,647 chemicalchecker.core.signature_data.DataSignature [INFO    ] NaN for 32467 requested keys as are not available.
2026-09-04 14:11:18,361 chemicalchecker.core.sign3.sign3 [INFO    ] Fetching from /scratch/sbnb/sayala/protocols/local_CC_D6/full/A/A5/A5.001/sign2/sign2.h5
2026-09-04 14:11:18,361 chemicalchecker.core.signature_data.DataSignature [DEBUG   ] Fetching 1230715 rows from dataset V
2026-09-04 14:11:25,869 chemicalchecker.core.signature_data.DataSignature [INFO    ] NaN for 51 requested keys as are not available.
2026-09-04 14:13:24,538 chemicalchecker.core.sign3.sign3 [INFO    ] Fetching from /scratch/sbnb/sayala/protocols/local_CC_D6/full/B/B1/B1.001/sign2/sign2.h5
2026-09-04 14:13:24,539 chemicalchecker.core.signature_data.DataSignature [DEBUG   ] Fetching 1230715 rows from dataset V
2026-09-04 14:13:25,674 chemicalchecker.core.signature_data.DataSignature [INFO    ] NaN for 1226180 requested keys as are not available.
2026-09-04 14:15:10,173 chemicalchecker.core.sign3.sign3 [INFO    ] Fetching from /scratch/sbnb/sayala/protocols/local_CC_D6/full/B/B2/B2.001/sign2/sign2.h5
2026-09-04 14:15:10,174 chemicalchecker.core.signature_data.DataSignature [DEBUG   ] Fetching 1230715 rows from dataset V
2026-09-04 14:15:11,282 chemicalchecker.core.signature_data.DataSignature [INFO    ] NaN for 1228954 requested keys as are not available.
2026-09-04 14:16:58,137 chemicalchecker.core.sign3.sign3 [INFO    ] Fetching from /scratch/sbnb/sayala/protocols/local_CC_D6/full/B/B3/B3.001/sign2/sign2.h5
2026-09-04 14:16:58,138 chemicalchecker.core.signature_data.DataSignature [DEBUG   ] Fetching 1230715 rows from dataset V
2026-09-04 14:16:59,539 chemicalchecker.core.signature_data.DataSignature [INFO    ] NaN for 1197191 requested keys as are not available.
2026-09-04 14:18:47,243 chemicalchecker.core.sign3.sign3 [INFO    ] Fetching from /scratch/sbnb/sayala/protocols/local_CC_D6/full/B/B4/B4.001/sign2/sign2.h5
2026-09-04 14:18:47,244 chemicalchecker.core.signature_data.DataSignature [DEBUG   ] Fetching 1230715 rows from dataset V
2026-09-04 14:18:53,312 chemicalchecker.core.signature_data.DataSignature [INFO    ] NaN for 401592 requested keys as are not available.
2026-09-04 14:20:39,099 chemicalchecker.core.sign3.sign3 [INFO    ] Fetching from /scratch/sbnb/sayala/protocols/local_CC_D6/full/B/B5/B5.001/sign2/sign2.h5
2026-09-04 14:20:39,100 chemicalchecker.core.signature_data.DataSignature [DEBUG   ] Fetching 1230715 rows from dataset V
2026-09-04 14:20:49,411 chemicalchecker.core.signature_data.DataSignature [INFO    ] NaN for 753314 requested keys as are not available.
2026-09-04 14:22:33,656 chemicalchecker.core.sign3.sign3 [INFO    ] Fetching from /scratch/sbnb/sayala/protocols/local_CC_D6/full/C/C1/C1.001/sign2/sign2.h5
2026-09-04 14:22:33,656 chemicalchecker.core.signature_data.DataSignature [DEBUG   ] Fetching 1230715 rows from dataset V
2026-09-04 14:22:35,041 chemicalchecker.core.signature_data.DataSignature [INFO    ] NaN for 1204804 requested keys as are not available.
